app/index.tsx(4696,38): error TS7006: Parameter 'items' implicitly has an 'any' type.
app/index.tsx(4696,45): error TS7006: Parameter 'sourceTab' implicitly has an 'any' type.
app/index.tsx(4699,67): error TS7006: Parameter 'item' implicitly has an 'any' type.
app/index.tsx(4737,79): error TS7006: Parameter 'uri' implicitly has an 'any' type.
app/index.tsx(4850,46): error TS7006: Parameter 'content' implicitly has an 'any' type.
app/index.tsx(4850,55): error TS7006: Parameter 'json' implicitly has an 'any' type.
app/index.tsx(4850,61): error TS7006: Parameter 'isJsonValid' implicitly has an 'any' type.
app/index.tsx(4869,47): error TS7006: Parameter 'item' implicitly has an 'any' type.
app/index.tsx(5035,69): error TS7006: Parameter 'item' implicitly has an 'any' type.
app/index.tsx(5145,37): error TS7053: Element implicitly has an 'any' type because expression of type 'any' can't be used to index type '{}'.
app/index.tsx(5158,60): error TS7006: Parameter 'prev' implicitly has an 'any' type.
app/index.tsx(5201,83): error TS7006: Parameter 'q' implicitly has an 'any' type.
app/index.tsx(5235,35): error TS7006: Parameter 'url' implicitly has an 'any' type.
app/index.tsx(5663,52): error TS2339: Property 'userProfession' does not exist on type '{ theme: string; fontSize: number; ttsRate: number; fontFamily: string; textStyles: never[]; language: string; availableLanguages: string[]; voice: string; onlineTtsEnabled: boolean; imageGenerationEnabled: boolean; ... 12 more ...; modeLocked: boolean; }'.
app/index.tsx(5666,25): error TS2339: Property 'userProfession' does not exist on type '{ theme: string; fontSize: number; ttsRate: number; fontFamily: string; textStyles: never[]; language: string; availableLanguages: string[]; voice: string; onlineTtsEnabled: boolean; imageGenerationEnabled: boolean; ... 12 more ...; modeLocked: boolean; }'.
app/index.tsx(6212,85): error TS18046: 's' is of type 'unknown'.
app/index.tsx(6213,43): error TS2345: Argument of type 'string[][]' is not assignable to parameter of type 'readonly (readonly [string, string])[]'.
  Type 'string[]' is not assignable to type 'readonly [string, string]'.
    Target requires 2 element(s) but source may have fewer.
app/index.tsx(6265,28): error TS18046: 's' is of type 'unknown'.
app/index.tsx(6265,59): error TS18046: 's' is of type 'unknown'.
app/index.tsx(6268,24): error TS18046: 's' is of type 'unknown'.
app/index.tsx(6273,36): error TS18046: 's' is of type 'unknown'.
app/index.tsx(6274,38): error TS18046: 's' is of type 'unknown'.
app/index.tsx(6279,25): error TS18046: 'a' is of type 'unknown'.
app/index.tsx(6279,38): error TS18046: 'b' is of type 'unknown'.
app/index.tsx(6280,26): error TS18046: 'a' is of type 'unknown'.
app/index.tsx(6280,38): error TS18046: 'b' is of type 'unknown'.
app/index.tsx(6282,25): error TS18046: 'b' is of type 'unknown'.
app/index.tsx(6282,58): error TS18046: 'a' is of type 'unknown'.
app/index.tsx(6370,31): error TS18046: 's' is of type 'unknown'.
app/index.tsx(6370,65): error TS18046: 's' is of type 'unknown'.
app/index.tsx(6370,102): error TS18046: 's' is of type 'unknown'.
app/index.tsx(6564,26): error TS18046: 's' is of type 'unknown'.
app/index.tsx(6564,37): error TS18046: 's' is of type 'unknown'.
app/index.tsx(6566,33): error TS18046: 'a' is of type 'unknown'.
app/index.tsx(6567,33): error TS18046: 'b' is of type 'unknown'.
app/index.tsx(6597,41): error TS2339: Property 'size' does not exist on type 'FileInfo'.
  Property 'size' does not exist on type '{ exists: false; uri: string; isDirectory: false; }'.
app/index.tsx(6601,52): error TS7006: Parameter 'a' implicitly has an 'any' type.
app/index.tsx(6601,55): error TS7006: Parameter 'b' implicitly has an 'any' type.
app/index.tsx(6645,66): error TS7053: Element implicitly has an 'any' type because expression of type 'any' can't be used to index type '{}'.
app/index.tsx(6648,52): error TS2339: Property 'scrollToOffset' does not exist on type 'never'.
app/index.tsx(6666,53): error TS7053: Element implicitly has an 'any' type because expression of type 'any' can't be used to index type '{}'.
app/index.tsx(6674,43): error TS2339: Property 'scrollToOffset' does not exist on type 'never'.
app/index.tsx(6680,48): error TS7031: Binding element 'start' implicitly has an 'any' type.
app/index.tsx(6680,55): error TS7031: Binding element 'end' implicitly has an 'any' type.
app/index.tsx(6680,60): error TS7031: Binding element 'text' implicitly has an 'any' type.
app/index.tsx(6681,27): error TS7006: Parameter 'prev' implicitly has an 'any' type.
app/index.tsx(6689,58): error TS7006: Parameter 'h' implicitly has an 'any' type.
app/index.tsx(6695,13): error TS2322: Type 'number' is not assignable to type 'null'.
app/index.tsx(6715,42): error TS7053: Element implicitly has an 'any' type because expression of type 'any' can't be used to index type '{}'.
app/index.tsx(6758,9): error TS2448: Block-scoped variable 'theme' used before its declaration.
app/index.tsx(6758,127): error TS2448: Block-scoped variable 'activeSentence' used before its declaration.
app/index.tsx(6758,127): error TS2454: Variable 'activeSentence' is used before being assigned.
app/index.tsx(6758,209): error TS2448: Block-scoped variable 'handleWordLookup' used before its declaration.
app/index.tsx(6758,209): error TS2454: Variable 'handleWordLookup' is used before being assigned.
app/index.tsx(6758,227): error TS2448: Block-scoped variable 'handleLinkPress' used before its declaration.
app/index.tsx(6758,227): error TS2454: Variable 'handleLinkPress' is used before being assigned.
app/index.tsx(6758,244): error TS2448: Block-scoped variable 'handleExpandTable' used before its declaration.
app/index.tsx(6758,244): error TS2454: Variable 'handleExpandTable' is used before being assigned.
app/index.tsx(6829,24): error TS7006: Parameter 'line' implicitly has an 'any' type.
app/index.tsx(6829,30): error TS7006: Parameter 'idx' implicitly has an 'any' type.
app/index.tsx(6973,43): error TS2339: Property 'scrollToIndex' does not exist on type 'never'.
app/index.tsx(7001,13): error TS7034: Variable 'interval' implicitly has type 'any' in some locations where its type cannot be determined.
app/index.tsx(7004,39): error TS7006: Parameter 'prev' implicitly has an 'any' type.
app/index.tsx(7007,36): error TS7005: Variable 'interval' implicitly has an 'any' type.
app/index.tsx(7011,13): error TS7034: Variable 'interval' implicitly has type 'any' in some locations where its type cannot be determined.
app/index.tsx(7032,36): error TS7005: Variable 'interval' implicitly has an 'any' type.
app/index.tsx(7128,70): error TS7006: Parameter 'q' implicitly has an 'any' type.
app/index.tsx(7128,73): error TS7006: Parameter 'idx' implicitly has an 'any' type.
app/index.tsx(7159,72): error TS7031: Binding element 'question' implicitly has an 'any' type.
app/index.tsx(7159,82): error TS7031: Binding element 'options' implicitly has an 'any' type.
app/index.tsx(7159,91): error TS7031: Binding element 'correctOptionIndex' implicitly has an 'any' type.
app/index.tsx(7159,111): error TS7031: Binding element 'explanation' implicitly has an 'any' type.
app/index.tsx(7213,39): error TS7006: Parameter 'd' implicitly has an 'any' type.
app/index.tsx(7219,56): error TS7006: Parameter 'word' implicitly has an 'any' type.
app/index.tsx(7219,62): error TS7006: Parameter 'fullData' implicitly has an 'any' type.
app/index.tsx(7222,40): error TS7006: Parameter 'prev' implicitly has an 'any' type.
app/index.tsx(7234,49): error TS7006: Parameter 'data' implicitly has an 'any' type.
app/index.tsx(7239,76): error TS7006: Parameter 'p' implicitly has an 'any' type.
app/index.tsx(7240,73): error TS7006: Parameter 'm' implicitly has an 'any' type.
app/index.tsx(7242,92): error TS7006: Parameter 'd' implicitly has an 'any' type.
app/index.tsx(7322,44): error TS7006: Parameter 'prev' implicitly has an 'any' type.
app/index.tsx(7342,52): error TS7006: Parameter 'prev' implicitly has an 'any' type.
app/index.tsx(7379,38): error TS2339: Property 'remove' does not exist on type 'never'.
app/index.tsx(7401,78): error TS2339: Property 'message' does not exist on type '{}'.
app/index.tsx(7437,29): error TS7006: Parameter 'currentIndex' implicitly has an 'any' type.
app/index.tsx(7454,50): error TS7006: Parameter 'q' implicitly has an 'any' type.
app/index.tsx(7461,22): error TS7006: Parameter 'prev' implicitly has an 'any' type.
app/index.tsx(7530,26): error TS7006: Parameter 'prev' implicitly has an 'any' type.
app/index.tsx(7547,57): error TS2345: Argument of type 'any[]' is not assignable to parameter of type 'null | undefined'.
app/index.tsx(7588,17): error TS2339: Property 'newTimeSpent' does not exist on type '{ newTimeSpent: any[]; now: number; } | undefined'.
app/index.tsx(7588,31): error TS2339: Property 'now' does not exist on type '{ newTimeSpent: any[]; now: number; } | undefined'.
app/index.tsx(7595,26): error TS7006: Parameter 'prev' implicitly has an 'any' type.
app/index.tsx(7645,17): error TS2339: Property 'newTimeSpent' does not exist on type '{ newTimeSpent: any[]; now: number; } | undefined'.
app/index.tsx(7645,31): error TS2339: Property 'now' does not exist on type '{ newTimeSpent: any[]; now: number; } | undefined'.
app/index.tsx(7650,22): error TS7006: Parameter 'prev' implicitly has an 'any' type.
app/index.tsx(7659,29): error TS7006: Parameter 'targetIndex' implicitly has an 'any' type.
app/index.tsx(7661,17): error TS2339: Property 'newTimeSpent' does not exist on type '{ newTimeSpent: any[]; now: number; } | undefined'.
app/index.tsx(7661,31): error TS2339: Property 'now' does not exist on type '{ newTimeSpent: any[]; now: number; } | undefined'.
app/index.tsx(7666,22): error TS7006: Parameter 'prev' implicitly has an 'any' type.
app/index.tsx(7675,37): error TS7006: Parameter 'questionIndex' implicitly has an 'any' type.
app/index.tsx(7675,52): error TS7006: Parameter 'optionIndex' implicitly has an 'any' type.
app/index.tsx(7690,34): error TS7006: Parameter 'selection' implicitly has an 'any' type.
app/index.tsx(7700,22): error TS7006: Parameter 'prev' implicitly has an 'any' type.
app/index.tsx(7707,44): error TS7006: Parameter 'wordToRefresh' implicitly has an 'any' type.
app/index.tsx(7725,65): error TS2345: Argument of type 'string' is not assignable to parameter of type 'null | undefined'.
app/index.tsx(7739,36): error TS7006: Parameter 'prev' implicitly has an 'any' type.
app/index.tsx(7775,33): error TS7006: Parameter 'wordToDelete' implicitly has an 'any' type.
app/index.tsx(7799,42): error TS7006: Parameter 'prompt' implicitly has an 'any' type.
app/index.tsx(7809,45): error TS7006: Parameter 'prompt' implicitly has an 'any' type.
app/index.tsx(7828,46): error TS7006: Parameter 'prompt' implicitly has an 'any' type.
app/index.tsx(7840,44): error TS2339: Property 'userProfession' does not exist on type '{ theme: string; fontSize: number; ttsRate: number; fontFamily: string; textStyles: never[]; language: string; availableLanguages: string[]; voice: string; onlineTtsEnabled: boolean; imageGenerationEnabled: boolean; ... 12 more ...; modeLocked: boolean; }'.
app/index.tsx(7952,37): error TS7006: Parameter 'p' implicitly has an 'any' type.
app/index.tsx(7959,37): error TS7006: Parameter 'prev' implicitly has an 'any' type.
app/index.tsx(8004,34): error TS7006: Parameter 'prev' implicitly has an 'any' type.
app/index.tsx(8006,34): error TS7006: Parameter 'p' implicitly has an 'any' type.
app/index.tsx(8021,45): error TS7006: Parameter 'promptLabel' implicitly has an 'any' type.
app/index.tsx(8036,82): error TS7006: Parameter 'p' implicitly has an 'any' type.
app/index.tsx(8066,64): error TS7006: Parameter 'p' implicitly has an 'any' type.
app/index.tsx(8079,42): error TS7006: Parameter 'label' implicitly has an 'any' type.
app/index.tsx(8089,66): error TS7006: Parameter 'p' implicitly has an 'any' type.
app/index.tsx(8091,45): error TS7006: Parameter 'prev' implicitly has an 'any' type.
app/index.tsx(8102,37): error TS7006: Parameter 'id' implicitly has an 'any' type.
app/index.tsx(8123,48): error TS7006: Parameter 'currentHomeList' implicitly has an 'any' type.
app/index.tsx(8212,33): error TS7053: Element implicitly has an 'any' type because expression of type 'string' can't be used to index type '{}'.
  No index signature with a parameter of type 'string' was found on type '{}'.
app/index.tsx(8253,35): error TS7034: Variable 'newIndex' implicitly has type 'any[]' in some locations where its type cannot be determined.
app/index.tsx(8256,70): error TS7006: Parameter 'wordObj' implicitly has an 'any' type.
app/index.tsx(8277,41): error TS7005: Variable 'newIndex' implicitly has an 'any[]' type.
app/index.tsx(8279,82): error TS7005: Variable 'newIndex' implicitly has an 'any[]' type.
app/index.tsx(8291,31): error TS7034: Variable 'newIndex' implicitly has type 'any[]' in some locations where its type cannot be determined.
app/index.tsx(8315,37): error TS7005: Variable 'newIndex' implicitly has an 'any[]' type.
app/index.tsx(8316,78): error TS7005: Variable 'newIndex' implicitly has an 'any[]' type.
app/index.tsx(8340,38): error TS7006: Parameter 'a' implicitly has an 'any' type.
app/index.tsx(8340,41): error TS7006: Parameter 'b' implicitly has an 'any' type.
app/index.tsx(8344,38): error TS7006: Parameter 'a' implicitly has an 'any' type.
app/index.tsx(8344,41): error TS7006: Parameter 'b' implicitly has an 'any' type.
app/index.tsx(8475,87): error TS7053: Element implicitly has an 'any' type because expression of type 'string' can't be used to index type '{}'.
  No index signature with a parameter of type 'string' was found on type '{}'.
app/index.tsx(8476,53): error TS2345: Argument of type 'string[][]' is not assignable to parameter of type 'readonly (readonly [string, string])[]'.
  Type 'string[]' is not assignable to type 'readonly [string, string]'.
    Target requires 2 element(s) but source may have fewer.
app/index.tsx(8492,23): error TS7034: Variable 'corruptKeys' implicitly has type 'any[]' in some locations where its type cannot be determined.
app/index.tsx(8517,49): error TS7053: Element implicitly has an 'any' type because expression of type 'string' can't be used to index type '{}'.
  No index signature with a parameter of type 'string' was found on type '{}'.
app/index.tsx(8536,52): error TS7005: Variable 'corruptKeys' implicitly has an 'any[]' type.
app/index.tsx(8554,28): error TS2339: Property 'message' does not exist on type '{}'.
app/index.tsx(8554,41): error TS2339: Property 'message' does not exist on type '{}'.
app/index.tsx(8582,25): error TS7053: Element implicitly has an 'any' type because expression of type 'string' can't be used to index type '{}'.
  No index signature with a parameter of type 'string' was found on type '{}'.
app/index.tsx(8587,29): error TS7006: Parameter 'prev' implicitly has an 'any' type.
app/index.tsx(8703,9): error TS2322: Type '(shouldExitToHome?: boolean, isManual?: boolean) => Promise<void>' is not assignable to type 'null'.
app/index.tsx(8718,49): error TS2349: This expression is not callable.
  Type 'never' has no call signatures.
app/index.tsx(8890,55): error TS2345: Argument of type 'string | null' is not assignable to parameter of type 'string'.
  Type 'null' is not assignable to type 'string'.
app/index.tsx(8908,25): error TS7053: Element implicitly has an 'any' type because expression of type 'string' can't be used to index type '{}'.
  No index signature with a parameter of type 'string' was found on type '{}'.
app/index.tsx(8931,33): error TS7053: Element implicitly has an 'any' type because expression of type 'string' can't be used to index type '{}'.
  No index signature with a parameter of type 'string' was found on type '{}'.
app/index.tsx(8969,31): error TS7053: Element implicitly has an 'any' type because expression of type 'string' can't be used to index type '{}'.
  No index signature with a parameter of type 'string' was found on type '{}'.
app/index.tsx(8976,32): error TS2339: Property 'size' does not exist on type 'FileInfo'.
  Property 'size' does not exist on type '{ exists: false; uri: string; isDirectory: false; }'.
app/index.tsx(8977,44): error TS2339: Property 'modificationTime' does not exist on type 'FileInfo'.
  Property 'modificationTime' does not exist on type '{ exists: false; uri: string; isDirectory: false; }'.
app/index.tsx(9019,17): error TS18046: 'group' is of type 'unknown'.
app/index.tsx(9019,35): error TS7006: Parameter 'a' implicitly has an 'any' type.
app/index.tsx(9019,38): error TS7006: Parameter 'b' implicitly has an 'any' type.
app/index.tsx(9026,21): error TS18046: 'group' is of type 'unknown'.
app/index.tsx(9026,38): error TS7006: Parameter 'f' implicitly has an 'any' type.
app/index.tsx(9027,21): error TS18046: 'group' is of type 'unknown'.
app/index.tsx(9027,35): error TS18046: 'group' is of type 'unknown'.
app/index.tsx(9027,54): error TS7006: Parameter 'f' implicitly has an 'any' type.
app/index.tsx(9038,31): error TS7006: Parameter 'item' implicitly has an 'any' type.
app/index.tsx(9046,26): error TS7053: Element implicitly has an 'any' type because expression of type 'any' can't be used to index type '{}'.
app/index.tsx(9047,25): error TS7053: Element implicitly has an 'any' type because expression of type 'any' can't be used to index type '{}'.
app/index.tsx(9056,21): error TS7053: Element implicitly has an 'any' type because expression of type 'any' can't be used to index type '{}'.
app/index.tsx(9057,21): error TS7053: Element implicitly has an 'any' type because expression of type 'any' can't be used to index type '{}'.
app/index.tsx(9057,57): error TS18046: 'item' is of type 'unknown'.
app/index.tsx(9057,75): error TS18046: 'item' is of type 'unknown'.
app/index.tsx(9059,25): error TS18046: 'item' is of type 'unknown'.
app/index.tsx(9059,49): error TS7053: Element implicitly has an 'any' type because expression of type 'any' can't be used to index type '{}'.
app/index.tsx(9060,25): error TS7053: Element implicitly has an 'any' type because expression of type 'any' can't be used to index type '{}'.
app/index.tsx(9060,66): error TS18046: 'item' is of type 'unknown'.
app/index.tsx(9070,74): error TS18046: 'a' is of type 'unknown'.
app/index.tsx(9070,96): error TS18046: 'b' is of type 'unknown'.
app/index.tsx(9074,17): error TS18046: 'book' is of type 'unknown'.
app/index.tsx(9074,37): error TS7006: Parameter 'a' implicitly has an 'any' type.
app/index.tsx(9074,40): error TS7006: Parameter 'b' implicitly has an 'any' type.
app/index.tsx(9120,42): error TS2339: Property 'pause' does not exist on type 'never'.
app/index.tsx(9121,42): error TS2339: Property 'remove' does not exist on type 'never'.
app/index.tsx(9170,13): error TS2322: Type 'AudioPlayer' is not assignable to type 'null'.
app/index.tsx(9194,29): error TS2345: Argument of type 'number' is not assignable to parameter of type 'null | undefined'.
app/index.tsx(9199,39): error TS7006: Parameter 'finishedItemId' implicitly has an 'any' type.
app/index.tsx(9207,39): error TS7006: Parameter 'chapter' implicitly has an 'any' type.
app/index.tsx(9239,36): error TS7006: Parameter 'item' implicitly has an 'any' type.
app/index.tsx(9244,38): error TS2339: Property 'pause' does not exist on type 'never'.
app/index.tsx(9245,38): error TS2339: Property 'remove' does not exist on type 'never'.
app/index.tsx(9268,35): error TS7006: Parameter 'f' implicitly has an 'any' type.
app/index.tsx(9298,25): error TS2345: Argument of type 'number' is not assignable to parameter of type 'null | undefined'.
app/index.tsx(9314,39): error TS7006: Parameter 'session' implicitly has an 'any' type.
app/index.tsx(9377,21): error TS2353: Object literal may only specify known properties, and 'items' does not exist in type '(prevState: null) => null'.
app/index.tsx(9386,70): error TS7006: Parameter 'q' implicitly has an 'any' type.
app/index.tsx(9447,33): error TS7006: Parameter 'newSettings' implicitly has an 'any' type.
app/index.tsx(9457,26): error TS7006: Parameter 'lang' implicitly has an 'any' type.
app/index.tsx(9476,29): error TS7006: Parameter 'langToRemove' implicitly has an 'any' type.
app/index.tsx(9500,36): error TS7053: Element implicitly has an 'any' type because expression of type '`${any}_true`' can't be used to index type '{ English: { tools: any[]; toolPrompts: { [key: string]: { [key: string]: { label: string; prompt: string; }[]; } | { label: string; prompt: string; }[]; }; subjectPrompts: { [key: string]: { label: string; prompt: string; }[]; }; ... 10 more ...; staticText: { ...; }; }; }'.
app/index.tsx(9501,36): error TS7053: Element implicitly has an 'any' type because expression of type '`${any}_false`' can't be used to index type '{ English: { tools: any[]; toolPrompts: { [key: string]: { [key: string]: { label: string; prompt: string; }[]; } | { label: string; prompt: string; }[]; }; subjectPrompts: { [key: string]: { label: string; prompt: string; }[]; }; ... 10 more ...; staticText: { ...; }; }; }'.
app/index.tsx(9512,50): error TS7006: Parameter 'subject' implicitly has an 'any' type.
app/index.tsx(9533,41): error TS7006: Parameter 'prev' implicitly has an 'any' type.
app/index.tsx(9553,31): error TS7006: Parameter 'subject' implicitly has an 'any' type.
app/index.tsx(9560,25): error TS7006: Parameter 'prev' implicitly has an 'any' type.
app/index.tsx(9577,28): error TS7006: Parameter 'subjectToRemove' implicitly has an 'any' type.
app/index.tsx(9595,45): error TS7006: Parameter 'prev' implicitly has an 'any' type.
app/index.tsx(9600,49): error TS7006: Parameter 'prev' implicitly has an 'any' type.
app/index.tsx(9613,34): error TS7006: Parameter 'id' implicitly has an 'any' type.
app/index.tsx(9648,36): error TS7006: Parameter 'id' implicitly has an 'any' type.
app/index.tsx(9667,35): error TS7006: Parameter 'word' implicitly has an 'any' type.
app/index.tsx(9667,41): error TS7006: Parameter 'def' implicitly has an 'any' type.
app/index.tsx(9667,46): error TS7006: Parameter 'examples' implicitly has an 'any' type.
app/index.tsx(9681,29): error TS2339: Property 'definition' does not exist on type '{}'.
app/index.tsx(9681,54): error TS2339: Property 'advanced' does not exist on type '{}'.
app/index.tsx(9682,28): error TS2339: Property 'definition' does not exist on type '{}'.
app/index.tsx(9682,52): error TS2339: Property 'advanced' does not exist on type '{}'.
app/index.tsx(9684,30): error TS2339: Property 'examples' does not exist on type '{}'.
app/index.tsx(9684,53): error TS2339: Property 'examples' does not exist on type '{}'.
app/index.tsx(9684,90): error TS2339: Property 'advanced' does not exist on type '{}'.
app/index.tsx(9685,28): error TS2339: Property 'examples' does not exist on type '{}'.
app/index.tsx(9685,50): error TS2339: Property 'advanced' does not exist on type '{}'.
app/index.tsx(9740,38): error TS2339: Property 'simple' does not exist on type '{ timestamp: string; id: string; }'.
app/index.tsx(9740,69): error TS2339: Property 'definition' does not exist on type '{ timestamp: string; id: string; }'.
app/index.tsx(9741,40): error TS2339: Property 'partOfSpeech' does not exist on type '{ timestamp: string; id: string; }'.
app/index.tsx(9742,33): error TS2339: Property 'forms' does not exist on type '{ timestamp: string; id: string; }'.
app/index.tsx(9743,36): error TS2339: Property 'examples' does not exist on type '{ timestamp: string; id: string; }'.
app/index.tsx(9766,26): error TS7006: Parameter 'word' implicitly has an 'any' type.
app/index.tsx(9768,39): error TS7006: Parameter 'question' implicitly has an 'any' type.
app/index.tsx(10036,42): error TS7006: Parameter 'l' implicitly has an 'any' type.
app/index.tsx(10100,80): error TS18046: 'session' is of type 'unknown'.
app/index.tsx(10114,52): error TS7006: Parameter 'uri' implicitly has an 'any' type.
app/index.tsx(10253,32): error TS2345: Argument of type '{ theme: string; fontSize: number; ttsRate: number; fontFamily: string; textStyles: never[]; language: string; availableLanguages: string[]; voice: string; onlineTtsEnabled: boolean; imageGenerationEnabled: boolean; ... 11 more ...; nameLocked: boolean; }' is not assignable to parameter of type 'SetStateAction<{ theme: string; fontSize: number; ttsRate: number; fontFamily: string; textStyles: never[]; language: string; availableLanguages: string[]; voice: string; onlineTtsEnabled: boolean; imageGenerationEnabled: boolean; ... 12 more ...; modeLocked: boolean; }>'.
  Type '{ theme: string; fontSize: number; ttsRate: number; fontFamily: string; textStyles: never[]; language: string; availableLanguages: string[]; voice: string; onlineTtsEnabled: boolean; imageGenerationEnabled: boolean; ... 11 more ...; nameLocked: boolean; }' is missing the following properties from type '{ theme: string; fontSize: number; ttsRate: number; fontFamily: string; textStyles: never[]; language: string; availableLanguages: string[]; voice: string; onlineTtsEnabled: boolean; imageGenerationEnabled: boolean; ... 12 more ...; modeLocked: boolean; }': isExamMode, quizTarget, modeLocked
app/index.tsx(10321,47): error TS7006: Parameter 'sessionId' implicitly has an 'any' type.
app/index.tsx(10321,58): error TS7006: Parameter 'tableId' implicitly has an 'any' type.
app/index.tsx(10321,67): error TS7006: Parameter 'colIndex' implicitly has an 'any' type.
app/index.tsx(10321,77): error TS7006: Parameter 'width' implicitly has an 'any' type.
app/index.tsx(10322,14): error TS7053: Element implicitly has an 'any' type because expression of type 'any' can't be used to index type '{}'.
app/index.tsx(10322,51): error TS7053: Element implicitly has an 'any' type because expression of type 'any' can't be used to index type '{}'.
app/index.tsx(10323,14): error TS7053: Element implicitly has an 'any' type because expression of type 'any' can't be used to index type '{}'.
app/index.tsx(10323,60): error TS7053: Element implicitly has an 'any' type because expression of type 'any' can't be used to index type '{}'.
app/index.tsx(10326,20): error TS7053: Element implicitly has an 'any' type because expression of type 'any' can't be used to index type '{}'.
app/index.tsx(10328,13): error TS7053: Element implicitly has an 'any' type because expression of type 'any' can't be used to index type '{}'.
app/index.tsx(10339,24): error TS7006: Parameter 'message' implicitly has an 'any' type.
app/index.tsx(10347,9): error TS2322: Type 'number' is not assignable to type 'null'.
app/index.tsx(10354,41): error TS7006: Parameter 'item' implicitly has an 'any' type.
app/index.tsx(10399,74): error TS2339: Property 'userProfession' does not exist on type '{ theme: string; fontSize: number; ttsRate: number; fontFamily: string; textStyles: never[]; language: string; availableLanguages: string[]; voice: string; onlineTtsEnabled: boolean; imageGenerationEnabled: boolean; ... 12 more ...; modeLocked: boolean; }'.
app/index.tsx(10400,98): error TS2339: Property 'userProfession' does not exist on type '{ theme: string; fontSize: number; ttsRate: number; fontFamily: string; textStyles: never[]; language: string; availableLanguages: string[]; voice: string; onlineTtsEnabled: boolean; imageGenerationEnabled: boolean; ... 12 more ...; modeLocked: boolean; }'.
app/index.tsx(10467,29): error TS2339: Property 'generationConfig' does not exist on type '{ systemInstruction: { parts: { text: string; }[]; }; contents: any[]; }'.
app/index.tsx(10468,36): error TS2339: Property 'generationConfig' does not exist on type '{ systemInstruction: { parts: { text: string; }[]; }; contents: any[]; }'.
app/index.tsx(10531,40): error TS2339: Property 'message' does not exist on type '{}'.
app/index.tsx(10544,87): error TS2339: Property 'message' does not exist on type '{}'.
app/index.tsx(10604,37): error TS7006: Parameter 'roleId' implicitly has an 'any' type.
app/index.tsx(10611,34): error TS7006: Parameter 'tool' implicitly has an 'any' type.
app/index.tsx(10755,105): error TS2345: Argument of type 'string' is not assignable to parameter of type 'never'.
app/index.tsx(10799,36): error TS7006: Parameter 'text' implicitly has an 'any' type.
app/index.tsx(10799,42): error TS7006: Parameter 'defaultVoice' implicitly has an 'any' type.
app/index.tsx(10832,36): error TS18046: 's' is of type 'unknown'.
app/index.tsx(10847,34): error TS18046: 'speaker' is of type 'unknown'.
app/index.tsx(10877,38): error TS7006: Parameter 'text' implicitly has an 'any' type.
app/index.tsx(10888,39): error TS7006: Parameter 'useMultiSpeaker' implicitly has an 'any' type.
app/index.tsx(10966,37): error TS7006: Parameter 'voiceName' implicitly has an 'any' type.
app/index.tsx(10971,38): error TS2339: Property 'pause' does not exist on type 'never'.
app/index.tsx(11008,13): error TS2322: Type 'AudioPlayer' is not assignable to type 'null'.
app/index.tsx(11012,17): error TS18046: 'e' is of type 'unknown'.
app/index.tsx(11020,36): error TS7006: Parameter 'text' implicitly has an 'any' type.
app/index.tsx(11105,13): error TS7034: Variable 'keepAliveSound' implicitly has type 'any' in some locations where its type cannot be determined.
app/index.tsx(11107,43): error TS2339: Property 'Sound' does not exist on type 'new (src?: string | undefined) => HTMLAudioElement'.
app/index.tsx(11149,25): error TS7005: Variable 'keepAliveSound' implicitly has an 'any' type.
app/index.tsx(11160,25): error TS7005: Variable 'keepAliveSound' implicitly has an 'any' type.
app/index.tsx(11167,86): error TS2339: Property 'speakerVoiceConfigs' does not exist on type '{ config: { speakerVoiceConfigs: any[]; }; names: unknown[]; }'.
app/index.tsx(11183,80): error TS2345: Argument of type '{ config: { speakerVoiceConfigs: any[]; }; names: unknown[]; } | null' is not assignable to parameter of type 'null | undefined'.
  Type '{ config: { speakerVoiceConfigs: any[]; }; names: unknown[]; }' is not assignable to type 'null | undefined'.
app/index.tsx(11192,29): error TS18046: 'e' is of type 'unknown'.
app/index.tsx(11259,17): error TS18046: 'e' is of type 'unknown'.
app/index.tsx(11308,44): error TS7006: Parameter 'uri' implicitly has an 'any' type.
app/index.tsx(11430,45): error TS7006: Parameter 'startIndex' implicitly has an 'any' type.
app/index.tsx(11514,42): error TS2339: Property 'pause' does not exist on type 'never'.
app/index.tsx(11515,48): error TS2339: Property 'unloadAsync' does not exist on type 'never'.
app/index.tsx(11518,48): error TS2339: Property 'remove' does not exist on type 'never'.
app/index.tsx(11535,69): error TS7006: Parameter 'match' implicitly has an 'any' type.
app/index.tsx(11575,30): error TS7006: Parameter 'event' implicitly has an 'any' type.
app/index.tsx(11591,38): error TS7006: Parameter 'uri' implicitly has an 'any' type.
app/index.tsx(11595,46): error TS2339: Property 'pause' does not exist on type 'never'.
app/index.tsx(11596,46): error TS2339: Property 'remove' does not exist on type 'never'.
app/index.tsx(11630,17): error TS2322: Type 'AudioPlayer' is not assignable to type 'null'.
app/index.tsx(11661,45): error TS7006: Parameter 'prev' implicitly has an 'any' type.
app/index.tsx(11681,52): error TS2339: Property 'duration' does not exist on type 'string'.
app/index.tsx(11683,48): error TS2339: Property 'duration' does not exist on type 'string'.
app/index.tsx(11714,55): error TS2345: Argument of type 'string | null' is not assignable to parameter of type 'string'.
  Type 'null' is not assignable to type 'string'.
app/index.tsx(11775,26): error TS7006: Parameter 'text' implicitly has an 'any' type.
app/index.tsx(11784,46): error TS2339: Property 'isLoaded' does not exist on type 'never'.
app/index.tsx(11785,46): error TS2339: Property 'pause' does not exist on type 'never'.
app/index.tsx(11805,46): error TS2339: Property 'isLoaded' does not exist on type 'never'.
app/index.tsx(11806,46): error TS2339: Property 'play' does not exist on type 'never'.
app/index.tsx(11849,44): error TS2339: Property 'pause' does not exist on type 'never'.
app/index.tsx(11909,9): error TS2322: Type '(text: any, startOffset?: number, isAlreadyClean?: boolean, forcePlay?: boolean) => Promise<void>' is not assignable to type 'null'.
app/index.tsx(11910,9): error TS2322: Type '() => Promise<void>' is not assignable to type 'null'.
app/index.tsx(11911,9): error TS2322: Type '(direction: any) => Promise<void>' is not assignable to type 'null'.
app/index.tsx(11912,16): error TS2448: Block-scoped variable 'stopTTS' used before its declaration.
app/index.tsx(11912,16): error TS2454: Variable 'stopTTS' is used before being assigned.
app/index.tsx(11912,25): error TS2448: Block-scoped variable 'jumpSentence' used before its declaration.
app/index.tsx(11912,25): error TS2454: Variable 'jumpSentence' is used before being assigned.
app/index.tsx(11920,40): error TS2339: Property 'pause' does not exist on type 'never'.
app/index.tsx(11930,34): error TS7006: Parameter 'val' implicitly has an 'any' type.
app/index.tsx(11936,38): error TS2339: Property 'seekTo' does not exist on type 'never'.
app/index.tsx(11959,33): error TS7006: Parameter 'direction' implicitly has an 'any' type.
app/index.tsx(11964,47): error TS2339: Property 'currentTime' does not exist on type 'never'.
app/index.tsx(11965,48): error TS2339: Property 'duration' does not exist on type 'never'.
app/index.tsx(11972,24): error TS2339: Property 'seekTo' does not exist on type 'never'.
app/index.tsx(11983,22): error TS18047: 'bounds' is possibly 'null'.
app/index.tsx(11985,73): error TS18047: 'bounds' is possibly 'null'.
app/index.tsx(11989,26): error TS18047: 'prevBounds' is possibly 'null'.
app/index.tsx(12007,42): error TS7006: Parameter 'url' implicitly has an 'any' type.
app/index.tsx(12019,30): error TS7006: Parameter 'target' implicitly has an 'any' type.
app/index.tsx(12019,38): error TS7006: Parameter 'customStyle' implicitly has an 'any' type.
app/index.tsx(12080,60): error TS7006: Parameter 'modelId' implicitly has an 'any' type.
app/index.tsx(12118,94): error TS18046: 'error' is of type 'unknown'.
app/index.tsx(12124,49): error TS18046: 'error' is of type 'unknown'.
app/index.tsx(12133,53): error TS7006: Parameter 'prev' implicitly has an 'any' type.
app/index.tsx(12135,53): error TS7006: Parameter 'prev' implicitly has an 'any' type.
app/index.tsx(12137,53): error TS7006: Parameter 'prev' implicitly has an 'any' type.
app/index.tsx(12145,53): error TS7006: Parameter 'prev' implicitly has an 'any' type.
app/index.tsx(12155,52): error TS7006: Parameter 'prev' implicitly has an 'any' type.
app/index.tsx(12157,55): error TS7006: Parameter 'prev' implicitly has an 'any' type.
app/index.tsx(12159,52): error TS7006: Parameter 'prev' implicitly has an 'any' type.
app/index.tsx(12161,49): error TS7006: Parameter 'prev' implicitly has an 'any' type.
app/index.tsx(12163,48): error TS7006: Parameter 'prev' implicitly has an 'any' type.
app/index.tsx(12179,35): error TS18046: 'e' is of type 'unknown'.
app/index.tsx(12179,47): error TS18046: 'e' is of type 'unknown'.
app/index.tsx(12243,34): error TS7006: Parameter 'prompt' implicitly has an 'any' type.
app/index.tsx(12315,34): error TS7006: Parameter 'text' implicitly has an 'any' type.
app/index.tsx(12315,40): error TS7006: Parameter 'query' implicitly has an 'any' type.
app/index.tsx(12321,55): error TS7006: Parameter 't' implicitly has an 'any' type.
app/index.tsx(12331,30): error TS7006: Parameter 'text' implicitly has an 'any' type.
app/index.tsx(12331,36): error TS7006: Parameter 'query' implicitly has an 'any' type.
app/index.tsx(12337,34): error TS7006: Parameter 'query' implicitly has an 'any' type.
app/index.tsx(12561,37): error TS18046: 'session' is of type 'unknown'.
app/index.tsx(12562,22): error TS18046: 'session' is of type 'unknown'.
app/index.tsx(12562,42): error TS18046: 'session' is of type 'unknown'.
app/index.tsx(12562,81): error TS18046: 'session' is of type 'unknown'.
app/index.tsx(12654,30): error TS18046: 'e' is of type 'unknown'.
app/index.tsx(12666,36): error TS7006: Parameter 'topic' implicitly has an 'any' type.
app/index.tsx(12707,17): error TS2322: Type 'number' is not assignable to type 'null'.
app/index.tsx(12710,17): error TS2322: Type '10' is not assignable to type 'null'.
app/index.tsx(12711,54): error TS2322: Type '5' is not assignable to type 'null'.
app/index.tsx(12712,55): error TS2322: Type '10' is not assignable to type 'null'.
app/index.tsx(12713,54): error TS2322: Type '25' is not assignable to type 'null'.
app/index.tsx(12718,13): error TS18047: 'count' is possibly 'null'.
app/index.tsx(12718,26): error TS2322: Type '100' is not assignable to type 'null'.
app/index.tsx(12848,13): error TS7034: Variable 'savedImageUris' implicitly has type 'any[]' in some locations where its type cannot be determined.
app/index.tsx(12957,13): error TS7005: Variable 'savedImageUris' implicitly has an 'any[]' type.
app/index.tsx(12960,50): error TS7005: Variable 'savedImageUris' implicitly has an 'any[]' type.
app/index.tsx(12981,69): error TS2345: Argument of type '{ inlineData: { mimeType: string; data: string; }; }' is not assignable to parameter of type '{ text: string; }'.
  Property 'text' is missing in type '{ inlineData: { mimeType: string; data: string; }; }' but required in type '{ text: string; }'.
app/index.tsx(13051,91): error TS18046: 'firstError' is of type 'unknown'.
app/index.tsx(13099,64): error TS18046: 'firstError' is of type 'unknown'.
app/index.tsx(13131,21): error TS2353: Object literal may only specify known properties, and 'items' does not exist in type '(prevState: null) => null'.
app/index.tsx(13166,35): error TS7005: Variable 'savedImageUris' implicitly has an 'any[]' type.
app/index.tsx(13166,82): error TS7005: Variable 'savedImageUris' implicitly has an 'any[]' type.
app/index.tsx(13200,25): error TS7005: Variable 'savedImageUris' implicitly has an 'any[]' type.
app/index.tsx(13235,17): error TS18046: 'e' is of type 'unknown'.
app/index.tsx(13235,47): error TS18046: 'e' is of type 'unknown'.
app/index.tsx(13245,45): error TS7006: Parameter 'index' implicitly has an 'any' type.
app/index.tsx(13263,26): error TS7006: Parameter 'prev' implicitly has an 'any' type.
app/index.tsx(13282,14): error TS7006: Parameter 'otherQ' implicitly has an 'any' type.
app/index.tsx(13282,22): error TS7006: Parameter 'otherIdx' implicitly has an 'any' type.
app/index.tsx(13290,26): error TS7006: Parameter 'prev' implicitly has an 'any' type.
app/index.tsx(13316,22): error TS7006: Parameter 'prev' implicitly has an 'any' type.
app/index.tsx(13333,30): error TS7006: Parameter 'prev' implicitly has an 'any' type.
app/index.tsx(13355,26): error TS7006: Parameter 'prev' implicitly has an 'any' type.
app/index.tsx(13398,13): error TS2353: Object literal may only specify known properties, and 'items' does not exist in type '(prevState: null) => null'.
app/index.tsx(13412,13): error TS2353: Object literal may only specify known properties, and 'items' does not exist in type '(prevState: null) => null'.
app/index.tsx(13440,13): error TS2353: Object literal may only specify known properties, and 'items' does not exist in type '(prevState: null) => null'.
app/index.tsx(13518,46): error TS2339: Property 'items' does not exist on type 'never'.
app/index.tsx(13518,69): error TS2339: Property 'currentIndex' does not exist on type 'never'.
app/index.tsx(13519,44): error TS2339: Property 'flipped' does not exist on type 'never'.
app/index.tsx(13520,40): error TS2339: Property 'items' does not exist on type 'never'.
app/index.tsx(13525,44): error TS2698: Spread types may only be created from object types.
app/index.tsx(13537,44): error TS2698: Spread types may only be created from object types.
app/index.tsx(13545,36): error TS18047: 'currentSession' is possibly 'null'.
app/index.tsx(13546,40): error TS18047: 'currentSession' is possibly 'null'.
app/index.tsx(13547,30): error TS18047: 'currentSession' is possibly 'null'.
app/index.tsx(13574,51): error TS2339: Property 'primaryLanguage' does not exist on type '{ theme: string; fontSize: number; ttsRate: number; fontFamily: string; textStyles: never[]; language: string; availableLanguages: string[]; voice: string; onlineTtsEnabled: boolean; imageGenerationEnabled: boolean; ... 12 more ...; modeLocked: boolean; }'.
app/index.tsx(13580,64): error TS2698: Spread types may only be created from object types.
app/index.tsx(13589,42): error TS18047: 'prev' is possibly 'null'.
app/index.tsx(13591,60): error TS2698: Spread types may only be created from object types.
app/index.tsx(13597,45): error TS18047: 'prev' is possibly 'null'.
app/index.tsx(13597,65): error TS18047: 'prev' is possibly 'null'.
app/index.tsx(13599,49): error TS2698: Spread types may only be created from object types.
app/index.tsx(13600,63): error TS18047: 'prev' is possibly 'null'.
app/index.tsx(13618,60): error TS2698: Spread types may only be created from object types.
app/index.tsx(13622,60): error TS2698: Spread types may only be created from object types.
app/index.tsx(13637,34): error TS2339: Property 'currentIndex' does not exist on type 'never'.
app/index.tsx(13638,48): error TS2698: Spread types may only be created from object types.
app/index.tsx(13638,71): error TS18047: 'prev' is possibly 'null'.
app/index.tsx(13641,86): error TS2698: Spread types may only be created from object types.
app/index.tsx(13652,34): error TS2339: Property 'currentIndex' does not exist on type 'never'.
app/index.tsx(13653,48): error TS2698: Spread types may only be created from object types.
app/index.tsx(13653,71): error TS18047: 'prev' is possibly 'null'.
app/index.tsx(13662,44): error TS2698: Spread types may only be created from object types.
app/index.tsx(13662,63): error TS18047: 'prev' is possibly 'null'.
app/index.tsx(13675,66): error TS2339: Property 'items' does not exist on type 'never'.
app/index.tsx(13675,89): error TS2339: Property 'currentIndex' does not exist on type 'never'.
app/index.tsx(13716,63): error TS2339: Property 'items' does not exist on type 'never'.
app/index.tsx(13716,77): error TS7006: Parameter '_' implicitly has an 'any' type.
app/index.tsx(13716,80): error TS7006: Parameter 'idx' implicitly has an 'any' type.
app/index.tsx(13716,113): error TS2339: Property 'currentIndex' does not exist on type 'never'.
app/index.tsx(13721,54): error TS2339: Property 'originId' does not exist on type 'never'.
app/index.tsx(13723,77): error TS2339: Property 'originId' does not exist on type 'never'.
app/index.tsx(13731,63): error TS2339: Property 'currentIndex' does not exist on type 'never'.
app/index.tsx(13731,136): error TS2339: Property 'currentIndex' does not exist on type 'never'.
app/index.tsx(13734,33): error TS2698: Spread types may only be created from object types.
app/index.tsx(13743,50): error TS2339: Property 'originId' does not exist on type 'never'.
app/index.tsx(13743,92): error TS2339: Property 'originId' does not exist on type 'never'.
app/index.tsx(13745,70): error TS2339: Property 'originId' does not exist on type 'never'.
app/index.tsx(13749,49): error TS7006: Parameter 'prev' implicitly has an 'any' type.
app/index.tsx(13749,87): error TS2339: Property 'originId' does not exist on type 'never'.
app/index.tsx(13760,34): error TS2339: Property 'type' does not exist on type 'never'.
app/index.tsx(13815,42): error TS2339: Property 'type' does not exist on type 'never'.
app/index.tsx(13861,55): error TS2339: Property 'currentIndex' does not exist on type 'never'.
app/index.tsx(13895,72): error TS2698: Spread types may only be created from object types.
app/index.tsx(13922,76): error TS2698: Spread types may only be created from object types.
app/index.tsx(13924,75): error TS2339: Property 'primaryLanguage' does not exist on type '{ theme: string; fontSize: number; ttsRate: number; fontFamily: string; textStyles: never[]; language: string; availableLanguages: string[]; voice: string; onlineTtsEnabled: boolean; imageGenerationEnabled: boolean; ... 12 more ...; modeLocked: boolean; }'.
app/index.tsx(13929,84): error TS2698: Spread types may only be created from object types.
app/index.tsx(13933,84): error TS2698: Spread types may only be created from object types.
app/index.tsx(13937,84): error TS2698: Spread types may only be created from object types.
app/index.tsx(13967,61): error TS2339: Property 'language' does not exist on type 'never'.
app/index.tsx(14026,59): error TS2339: Property 'type' does not exist on type 'never'.
app/index.tsx(14026,104): error TS2339: Property 'type' does not exist on type 'never'.
app/index.tsx(14078,59): error TS2339: Property 'type' does not exist on type 'never'.
app/index.tsx(14078,110): error TS2339: Property 'type' does not exist on type 'never'.
app/index.tsx(14082,55): error TS2339: Property 'type' does not exist on type 'never'.
app/index.tsx(14105,55): error TS2339: Property 'type' does not exist on type 'never'.
app/index.tsx(14137,55): error TS2339: Property 'type' does not exist on type 'never'.
app/index.tsx(14145,92): error TS7006: Parameter 'ex' implicitly has an 'any' type.
app/index.tsx(14145,96): error TS7006: Parameter 'idx' implicitly has an 'any' type.
app/index.tsx(14170,35): error TS7006: Parameter 'newMode' implicitly has an 'any' type.
app/index.tsx(14171,22): error TS7006: Parameter 'prev' implicitly has an 'any' type.
app/index.tsx(14185,30): error TS7006: Parameter 'title' implicitly has an 'any' type.
app/index.tsx(14185,37): error TS7006: Parameter 'content' implicitly has an 'any' type.
app/index.tsx(14217,13): error TS7034: Variable 'savedImages' implicitly has type 'any[]' in some locations where its type cannot be determined.
app/index.tsx(14231,21): error TS7005: Variable 'savedImages' implicitly has an 'any[]' type.
app/index.tsx(14365,44): error TS7006: Parameter 'uri' implicitly has an 'any' type.
app/index.tsx(14510,60): error TS7006: Parameter 'q' implicitly has an 'any' type.
app/index.tsx(14587,41): error TS7006: Parameter 'uri' implicitly has an 'any' type.
app/index.tsx(14699,44): error TS7006: Parameter 'uri' implicitly has an 'any' type.
app/index.tsx(14905,42): error TS7006: Parameter 'item' implicitly has an 'any' type.
app/index.tsx(15051,42): error TS7006: Parameter 'includeAudio' implicitly has an 'any' type.
app/index.tsx(15062,25): error TS18046: 'session' is of type 'unknown'.
app/index.tsx(15064,64): error TS18046: 'session' is of type 'unknown'.
app/index.tsx(15066,80): error TS18046: 'session' is of type 'unknown'.
app/index.tsx(15076,75): error TS18046: 'session' is of type 'unknown'.
app/index.tsx(15083,21): error TS7034: Variable 'audioBackup' implicitly has type 'any[]' in some locations where its type cannot be determined.
app/index.tsx(15087,67): error TS2345: Argument of type 'string | null' is not assignable to parameter of type 'string'.
  Type 'null' is not assignable to type 'string'.
app/index.tsx(15095,57): error TS2339: Property 'size' does not exist on type 'FileInfo'.
  Property 'size' does not exist on type '{ exists: false; uri: string; isDirectory: false; }'.
app/index.tsx(15138,28): error TS7005: Variable 'audioBackup' implicitly has an 'any[]' type.
app/index.tsx(15151,25): error TS18046: 'jsonError' is of type 'unknown'.
app/index.tsx(15151,46): error TS18046: 'jsonError' is of type 'unknown'.
app/index.tsx(15163,52): error TS7006: Parameter 'dirUri' implicitly has an 'any' type.
app/index.tsx(15272,66): error TS2345: Argument of type 'string | null' is not assignable to parameter of type 'string'.
  Type 'null' is not assignable to type 'string'.
app/index.tsx(15356,25): error TS7053: Element implicitly has an 'any' type because expression of type 'any' can't be used to index type '{}'.
app/index.tsx(15411,37): error TS7006: Parameter 'prev' implicitly has an 'any' type.
app/index.tsx(15453,43): error TS7006: Parameter 'content' implicitly has an 'any' type.
app/index.tsx(15455,25): error TS18046: 's' is of type 'unknown'.
app/index.tsx(15455,55): error TS18046: 's' is of type 'unknown'.
app/index.tsx(15455,69): error TS18046: 's' is of type 'unknown'.
app/index.tsx(15455,86): error TS18046: 's' is of type 'unknown'.
app/index.tsx(15497,104): error TS18046: 's' is of type 'unknown'.
app/index.tsx(15500,58): error TS2339: Property 'trashed' does not exist on type '{}'.
app/index.tsx(15503,49): error TS7053: Element implicitly has an 'any' type because expression of type 'any' can't be used to index type '{}'.
app/index.tsx(15503,73): error TS2339: Property 'id' does not exist on type '{}'.
app/index.tsx(15504,88): error TS2339: Property 'id' does not exist on type '{}'.
app/index.tsx(15523,100): error TS7006: Parameter 'imgData' implicitly has an 'any' type.
app/index.tsx(15555,63): error TS2339: Property 'contentPath' does not exist on type '{ id: string; timestamp: any; messages: { role: string; content: any; }[]; title: any; toolId: string; images: any[]; pinned: any; trashed: boolean; highlights: any; }'.
app/index.tsx(15560,41): error TS7053: Element implicitly has an 'any' type because expression of type 'string' can't be used to index type '{}'.
  No index signature with a parameter of type 'string' was found on type '{}'.
app/index.tsx(15576,50): error TS2304: Cannot find name 'METADATA_SEPARATOR'.
app/index.tsx(15577,61): error TS2304: Cannot find name 'METADATA_SEPARATOR'.
app/index.tsx(15578,67): error TS2304: Cannot find name 'METADATA_SEPARATOR'.
app/index.tsx(15588,92): error TS18046: 's' is of type 'unknown'.
app/index.tsx(15591,46): error TS2339: Property 'trashed' does not exist on type '{}'.
app/index.tsx(15594,37): error TS7053: Element implicitly has an 'any' type because expression of type 'any' can't be used to index type '{}'.
app/index.tsx(15594,61): error TS2339: Property 'id' does not exist on type '{}'.
app/index.tsx(15595,76): error TS2339: Property 'id' does not exist on type '{}'.
app/index.tsx(15635,51): error TS2339: Property 'contentPath' does not exist on type '{ id: string; timestamp: string; messages: { role: string; content: string; }[]; title: string; toolId: string; images: never[]; pinned: boolean; trashed: boolean; highlights: any; }'.
app/index.tsx(15643,29): error TS7053: Element implicitly has an 'any' type because expression of type 'string' can't be used to index type '{}'.
  No index signature with a parameter of type 'string' was found on type '{}'.
app/index.tsx(15659,37): error TS7006: Parameter 'prev' implicitly has an 'any' type.
app/index.tsx(15735,96): error TS18046: 's' is of type 'unknown'.
app/index.tsx(15735,127): error TS18046: 's' is of type 'unknown'.
app/index.tsx(15740,64): error TS2339: Property 'id' does not exist on type '{}'.
app/index.tsx(15741,33): error TS7053: Element implicitly has an 'any' type because expression of type 'any' can't be used to index type '{}'.
app/index.tsx(15742,89): error TS7053: Element implicitly has an 'any' type because expression of type 'any' can't be used to index type '{}'.
app/index.tsx(15755,33): error TS7053: Element implicitly has an 'any' type because expression of type 'string' can't be used to index type '{}'.
  No index signature with a parameter of type 'string' was found on type '{}'.
app/index.tsx(15804,79): error TS7053: Element implicitly has an 'any' type because expression of type 'any' can't be used to index type '{}'.
app/index.tsx(15821,93): error TS7006: Parameter 'q' implicitly has an 'any' type.
app/index.tsx(15835,41): error TS7053: Element implicitly has an 'any' type because expression of type 'any' can't be used to index type '{}'.
app/index.tsx(15857,37): error TS18046: 's' is of type 'unknown'.
app/index.tsx(15858,37): error TS18046: 's' is of type 'unknown'.
app/index.tsx(15859,52): error TS18046: 's' is of type 'unknown'.
app/index.tsx(15891,37): error TS18046: 's' is of type 'unknown'.
app/index.tsx(15892,37): error TS18046: 's' is of type 'unknown'.
app/index.tsx(15893,37): error TS18046: 's' is of type 'unknown'.
app/index.tsx(15893,51): error TS18046: 's' is of type 'unknown'.
app/index.tsx(15893,68): error TS18046: 's' is of type 'unknown'.
app/index.tsx(15898,68): error TS2339: Property 'id' does not exist on type '{}'.
app/index.tsx(15901,37): error TS7053: Element implicitly has an 'any' type because expression of type 'any' can't be used to index type '{}'.
app/index.tsx(15914,58): error TS2304: Cannot find name 'METADATA_SEPARATOR'.
app/index.tsx(15915,69): error TS2304: Cannot find name 'METADATA_SEPARATOR'.
app/index.tsx(15916,75): error TS2304: Cannot find name 'METADATA_SEPARATOR'.
app/index.tsx(15940,33): error TS7053: Element implicitly has an 'any' type because expression of type 'string' can't be used to index type '{}'.
  No index signature with a parameter of type 'string' was found on type '{}'.
app/index.tsx(15954,41): error TS7006: Parameter 'prev' implicitly has an 'any' type.
app/index.tsx(15993,27): error TS7034: Variable 'itemsToExport' implicitly has type 'any[]' in some locations where its type cannot be determined.
app/index.tsx(15996,47): error TS7006: Parameter 'item' implicitly has an 'any' type.
app/index.tsx(15999,51): error TS7006: Parameter 'c' implicitly has an 'any' type.
app/index.tsx(16011,55): error TS7006: Parameter 'f' implicitly has an 'any' type.
app/index.tsx(16039,69): error TS7006: Parameter 'c' implicitly has an 'any' type.
app/index.tsx(16059,46): error TS7006: Parameter 'uri' implicitly has an 'any' type.
app/index.tsx(16094,44): error TS7005: Variable 'itemsToExport' implicitly has an 'any[]' type.
app/index.tsx(16156,100): error TS2345: Argument of type 'string | null' is not assignable to parameter of type 'string'.
  Type 'null' is not assignable to type 'string'.
app/index.tsx(16217,41): error TS7006: Parameter 'uri' implicitly has an 'any' type.
app/index.tsx(16267,21): error TS7034: Variable 'filesToShare' implicitly has type 'any[]' in some locations where its type cannot be determined.
app/index.tsx(16270,38): error TS7006: Parameter 'item' implicitly has an 'any' type.
app/index.tsx(16274,44): error TS7006: Parameter 'f' implicitly has an 'any' type.
app/index.tsx(16276,47): error TS7006: Parameter 'c' implicitly has an 'any' type.
app/index.tsx(16288,65): error TS7006: Parameter 'c' implicitly has an 'any' type.
app/index.tsx(16305,44): error TS7005: Variable 'filesToShare' implicitly has an 'any[]' type.
app/index.tsx(16377,29): error TS7006: Parameter 'session' implicitly has an 'any' type.
app/index.tsx(16404,34): error TS7006: Parameter 'id' implicitly has an 'any' type.
app/index.tsx(16418,36): error TS7006: Parameter 'session' implicitly has an 'any' type.
app/index.tsx(16432,37): error TS7006: Parameter 'id' implicitly has an 'any' type.
app/index.tsx(16446,35): error TS7006: Parameter 'chapterIds' implicitly has an 'any' type.
app/index.tsx(16447,46): error TS7006: Parameter 'id' implicitly has an 'any' type.
app/index.tsx(16466,55): error TS18046: 'n' is of type 'unknown'.
app/index.tsx(16483,33): error TS7006: Parameter 'session' implicitly has an 'any' type.
app/index.tsx(16496,21): error TS2353: Object literal may only specify known properties, and 'items' does not exist in type '(prevState: null) => null'.
app/index.tsx(16523,15): error TS7034: Variable 'updates' implicitly has type 'any[]' in some locations where its type cannot be determined.
app/index.tsx(16532,37): error TS7005: Variable 'updates' implicitly has an 'any[]' type.
app/index.tsx(16543,15): error TS7034: Variable 'updates' implicitly has type 'any[]' in some locations where its type cannot be determined.
app/index.tsx(16553,37): error TS7005: Variable 'updates' implicitly has an 'any[]' type.
app/index.tsx(16564,19): error TS7034: Variable 'sessionIdsToPin' implicitly has type 'any[]' in some locations where its type cannot be determined.
app/index.tsx(16573,61): error TS7006: Parameter 'c' implicitly has an 'any' type.
app/index.tsx(16584,48): error TS7006: Parameter 'obj' implicitly has an 'any' type.
app/index.tsx(16586,58): error TS7006: Parameter 'f' implicitly has an 'any' type.
app/index.tsx(16587,64): error TS7006: Parameter 'c' implicitly has an 'any' type.
app/index.tsx(16601,19): error TS7034: Variable 'updates' implicitly has type 'any[]' in some locations where its type cannot be determined.
app/index.tsx(16604,46): error TS7005: Variable 'sessionIdsToPin' implicitly has an 'any[]' type.
app/index.tsx(16610,13): error TS7005: Variable 'sessionIdsToPin' implicitly has an 'any[]' type.
app/index.tsx(16618,41): error TS7005: Variable 'updates' implicitly has an 'any[]' type.
app/index.tsx(16630,15): error TS7034: Variable 'updates' implicitly has type 'any[]' in some locations where its type cannot be determined.
app/index.tsx(16639,37): error TS7005: Variable 'updates' implicitly has an 'any[]' type.
app/index.tsx(16659,35): error TS7034: Variable 'filesToDelete' implicitly has type 'any[]' in some locations where its type cannot be determined.
app/index.tsx(16667,77): error TS7006: Parameter 'c' implicitly has an 'any' type.
app/index.tsx(16677,58): error TS7006: Parameter 'obj' implicitly has an 'any' type.
app/index.tsx(16679,74): error TS7006: Parameter 'f' implicitly has an 'any' type.
app/index.tsx(16680,80): error TS7006: Parameter 'c' implicitly has an 'any' type.
app/index.tsx(16687,47): error TS7005: Variable 'filesToDelete' implicitly has an 'any[]' type.
app/index.tsx(16735,57): error TS2345: Argument of type 'string[][]' is not assignable to parameter of type 'readonly (readonly [string, string])[]'.
  Type 'string[]' is not assignable to type 'readonly [string, string]'.
    Target requires 2 element(s) but source may have fewer.
app/index.tsx(16850,35): error TS7034: Variable 'trashedIds' implicitly has type 'any[]' in some locations where its type cannot be determined.
app/index.tsx(16863,46): error TS18046: 's' is of type 'unknown'.
app/index.tsx(16864,49): error TS18046: 'a' is of type 'unknown'.
app/index.tsx(16864,75): error TS18046: 'b' is of type 'unknown'.
app/index.tsx(16866,35): error TS7034: Variable 'idsToPermanentlyDelete' implicitly has type 'any[]' in some locations where its type cannot be determined.
app/index.tsx(16874,65): error TS18046: 'note' is of type 'unknown'.
app/index.tsx(16876,41): error TS18046: 'note' is of type 'unknown'.
app/index.tsx(16877,62): error TS18046: 'note' is of type 'unknown'.
app/index.tsx(16880,57): error TS18046: 'note' is of type 'unknown'.
app/index.tsx(16881,86): error TS18046: 'note' is of type 'unknown'.
app/index.tsx(16882,60): error TS18046: 'note' is of type 'unknown'.
app/index.tsx(16888,56): error TS18046: 'note' is of type 'unknown'.
app/index.tsx(16893,35): error TS7034: Variable 'updates' implicitly has type 'any[]' in some locations where its type cannot be determined.
app/index.tsx(16895,29): error TS7005: Variable 'trashedIds' implicitly has an 'any[]' type.
app/index.tsx(16896,38): error TS7005: Variable 'idsToPermanentlyDelete' implicitly has an 'any[]' type.
app/index.tsx(16901,81): error TS7005: Variable 'updates' implicitly has an 'any[]' type.
app/index.tsx(16904,52): error TS7005: Variable 'idsToPermanentlyDelete' implicitly has an 'any[]' type.
app/index.tsx(16910,58): error TS7006: Parameter 'i' implicitly has an 'any' type.
app/index.tsx(16910,64): error TS7005: Variable 'idsToPermanentlyDelete' implicitly has an 'any[]' type.
app/index.tsx(16918,33): error TS7005: Variable 'idsToPermanentlyDelete' implicitly has an 'any[]' type.
app/index.tsx(16953,35): error TS7034: Variable 'idsToDelete' implicitly has type 'any[]' in some locations where its type cannot be determined.
app/index.tsx(16966,29): error TS7005: Variable 'idsToDelete' implicitly has an 'any[]' type.
app/index.tsx(16980,42): error TS7005: Variable 'idsToDelete' implicitly has an 'any[]' type.
app/index.tsx(16986,54): error TS7006: Parameter 'i' implicitly has an 'any' type.
app/index.tsx(16986,60): error TS7005: Variable 'idsToDelete' implicitly has an 'any[]' type.
app/index.tsx(17003,70): error TS18046: 's' is of type 'unknown'.
app/index.tsx(17016,31): error TS7034: Variable 'idsToDelete' implicitly has type 'any[]' in some locations where its type cannot be determined.
app/index.tsx(17029,25): error TS7005: Variable 'idsToDelete' implicitly has an 'any[]' type.
app/index.tsx(17043,38): error TS7005: Variable 'idsToDelete' implicitly has an 'any[]' type.
app/index.tsx(17049,50): error TS7006: Parameter 'i' implicitly has an 'any' type.
app/index.tsx(17049,56): error TS7005: Variable 'idsToDelete' implicitly has an 'any[]' type.
app/index.tsx(17194,24): error TS2339: Property 'setProgressUpdateInterval' does not exist on type 'AudioPlayer'.
app/index.tsx(17203,42): error TS2339: Property 'positionMillis' does not exist on type 'AudioStatus'.
app/index.tsx(17204,42): error TS2339: Property 'durationMillis' does not exist on type 'AudioStatus'.
app/index.tsx(17271,71): error TS2345: Argument of type 'any[]' is not assignable to parameter of type 'never[]'.
  Type 'any' is not assignable to type 'never'.
app/index.tsx(17378,43): error TS2345: Argument of type '{ inlineData: { mimeType: string; data: string; }; }' is not assignable to parameter of type '{ text: string; }'.
  Property 'text' is missing in type '{ inlineData: { mimeType: string; data: string; }; }' but required in type '{ text: string; }'.
app/index.tsx(17402,41): error TS7006: Parameter 'prev' implicitly has an 'any' type.
app/index.tsx(17404,41): error TS7006: Parameter 'prev' implicitly has an 'any' type.
app/index.tsx(17428,57): error TS7006: Parameter 'candidates' implicitly has an 'any' type.
app/index.tsx(17442,44): error TS7006: Parameter 'w' implicitly has an 'any' type.
app/index.tsx(17459,15): error TS7034: Variable 'newItems' implicitly has type 'any[]' in some locations where its type cannot be determined.
app/index.tsx(17473,40): error TS7006: Parameter 'prev' implicitly has an 'any' type.
app/index.tsx(17482,37): error TS7005: Variable 'newItems' implicitly has an 'any[]' type.
app/index.tsx(17550,43): error TS7006: Parameter 'uris' implicitly has an 'any' type.
app/index.tsx(17558,66): error TS7006: Parameter 'uri' implicitly has an 'any' type.
app/index.tsx(17633,38): error TS7006: Parameter 'result' implicitly has an 'any' type.
app/index.tsx(17636,47): error TS7006: Parameter 'asset' implicitly has an 'any' type.
app/index.tsx(17647,32): error TS7006: Parameter 'prev' implicitly has an 'any' type.
app/index.tsx(17681,36): error TS7006: Parameter 'prev' implicitly has an 'any' type.
app/index.tsx(17710,13): error TS2820: Type '"Images"' is not assignable to type 'MediaType | MediaType[] | MediaTypeOptions | undefined'. Did you mean '"images"'?
app/index.tsx(17724,13): error TS2820: Type '"Images"' is not assignable to type 'MediaType | MediaType[] | MediaTypeOptions | undefined'. Did you mean '"images"'?
app/index.tsx(17736,30): error TS7006: Parameter 'asset' implicitly has an 'any' type.
app/index.tsx(17745,41): error TS7006: Parameter 'uri' implicitly has an 'any' type.
app/index.tsx(17745,46): error TS7006: Parameter 'index' implicitly has an 'any' type.
app/index.tsx(17760,37): error TS7006: Parameter 'containerW' implicitly has an 'any' type.
app/index.tsx(17760,49): error TS7006: Parameter 'containerH' implicitly has an 'any' type.
app/index.tsx(17760,61): error TS7006: Parameter 'imageW' implicitly has an 'any' type.
app/index.tsx(17760,69): error TS7006: Parameter 'imageH' implicitly has an 'any' type.
app/index.tsx(17760,77): error TS7006: Parameter 'rotation' implicitly has an 'any' type.
app/index.tsx(17974,28): error TS18048: 'currentImageWidth' is possibly 'undefined'.
app/index.tsx(17975,28): error TS18048: 'currentImageHeight' is possibly 'undefined'.
app/index.tsx(17985,33): error TS18048: 'currentImageWidth' is possibly 'undefined'.
app/index.tsx(17986,25): error TS18048: 'currentImageWidth' is possibly 'undefined'.
app/index.tsx(17988,33): error TS18048: 'currentImageHeight' is possibly 'undefined'.
app/index.tsx(17989,25): error TS18048: 'currentImageHeight' is possibly 'undefined'.
app/index.tsx(18018,36): error TS7006: Parameter 'prev' implicitly has an 'any' type.
app/index.tsx(18068,76): error TS2345: Argument of type 'number | null' is not assignable to parameter of type 'null | undefined'.
  Type 'number' is not assignable to type 'null | undefined'.
app/index.tsx(18091,76): error TS2345: Argument of type 'number | null' is not assignable to parameter of type 'null | undefined'.
  Type 'number' is not assignable to type 'null | undefined'.
app/index.tsx(18416,78): error TS7006: Parameter 'uri' implicitly has an 'any' type.
app/index.tsx(18472,72): error TS7006: Parameter 'uri' implicitly has an 'any' type.
app/index.tsx(18477,50): error TS7006: Parameter 'l' implicitly has an 'any' type.
app/index.tsx(18546,29): error TS7006: Parameter 'prev' implicitly has an 'any' type.
app/index.tsx(18582,33): error TS7006: Parameter 'prev' implicitly has an 'any' type.
app/index.tsx(18627,29): error TS7006: Parameter 'prev' implicitly has an 'any' type.
app/index.tsx(18634,29): error TS7006: Parameter 'prev' implicitly has an 'any' type.
app/index.tsx(18641,25): error TS7006: Parameter 'prev' implicitly has an 'any' type.
app/index.tsx(18682,86): error TS7006: Parameter 'uri' implicitly has an 'any' type.
app/index.tsx(18708,80): error TS7006: Parameter 'uri' implicitly has an 'any' type.
app/index.tsx(19482,38): error TS18046: 's' is of type 'unknown'.
app/index.tsx(19484,43): error TS18046: 's' is of type 'unknown'.
app/index.tsx(19485,96): error TS18046: 's' is of type 'unknown'.
app/index.tsx(19557,29): error TS7006: Parameter 'prev' implicitly has an 'any' type.
app/index.tsx(19634,42): error TS7006: Parameter 'words' implicitly has an 'any' type.
app/index.tsx(19705,38): error TS7006: Parameter 'word' implicitly has an 'any' type.
app/index.tsx(19718,29): error TS18046: 'error' is of type 'unknown'.
app/index.tsx(19722,46): error TS7006: Parameter 'word' implicitly has an 'any' type.
app/index.tsx(19728,33): error TS7006: Parameter 'data' implicitly has an 'any' type.
app/index.tsx(19731,76): error TS7006: Parameter 'f' implicitly has an 'any' type.
app/index.tsx(19757,32): error TS7006: Parameter 'fullData' implicitly has an 'any' type.
app/index.tsx(19773,39): error TS2339: Property 'error' does not exist on type '{}'.
app/index.tsx(19775,49): error TS2339: Property 'word' does not exist on type '{}'.
app/index.tsx(19800,32): error TS7006: Parameter 'prev' implicitly has an 'any' type.
app/index.tsx(19815,37): error TS7006: Parameter 'word' implicitly has an 'any' type.
app/index.tsx(19829,33): error TS7006: Parameter 'data' implicitly has an 'any' type.
app/index.tsx(19832,76): error TS7006: Parameter 'f' implicitly has an 'any' type.
app/index.tsx(19861,32): error TS7006: Parameter 'fullData' implicitly has an 'any' type.
app/index.tsx(19907,32): error TS7006: Parameter 'prev' implicitly has an 'any' type.
app/index.tsx(19965,35): error TS7006: Parameter 'd' implicitly has an 'any' type.
app/index.tsx(19987,36): error TS7006: Parameter 'prev' implicitly has an 'any' type.
app/index.tsx(19992,80): error TS2345: Argument of type 'string' is not assignable to parameter of type 'null | undefined'.
app/index.tsx(20008,44): error TS7006: Parameter 'prev' implicitly has an 'any' type.
app/index.tsx(20179,62): error TS7006: Parameter 'q' implicitly has an 'any' type.
app/index.tsx(20179,65): error TS7006: Parameter 'idx' implicitly has an 'any' type.
app/index.tsx(20214,60): error TS7031: Binding element 'question' implicitly has an 'any' type.
app/index.tsx(20214,70): error TS7031: Binding element 'options' implicitly has an 'any' type.
app/index.tsx(20214,79): error TS7031: Binding element 'correctOptionIndex' implicitly has an 'any' type.
app/index.tsx(20214,99): error TS7031: Binding element 'explanation' implicitly has an 'any' type.
app/index.tsx(20279,46): error TS2339: Property 'language' does not exist on type 'never'.
app/index.tsx(20289,30): error TS2339: Property 'translations' does not exist on type 'never'.
app/index.tsx(20289,63): error TS2339: Property 'translations' does not exist on type 'never'.
app/index.tsx(20290,54): error TS2339: Property 'translations' does not exist on type 'never'.
app/index.tsx(20291,51): error TS2339: Property 'items' does not exist on type 'never'.
app/index.tsx(20294,54): error TS7006: Parameter 'item' implicitly has an 'any' type.
app/index.tsx(20294,60): error TS7006: Parameter 'idx' implicitly has an 'any' type.
app/index.tsx(20301,17): error TS2698: Spread types may only be created from object types.
app/index.tsx(20314,55): error TS2339: Property 'translations' does not exist on type 'never'.
app/index.tsx(20314,88): error TS2339: Property 'translations' does not exist on type 'never'.
app/index.tsx(20314,133): error TS2339: Property 'items' does not exist on type 'never'.
app/index.tsx(20317,53): error TS7006: Parameter 'item' implicitly has an 'any' type.
app/index.tsx(20321,36): error TS2339: Property 'front' does not exist on type '{}'.
app/index.tsx(20322,35): error TS2339: Property 'back' does not exist on type '{}'.
app/index.tsx(20323,39): error TS2339: Property 'question' does not exist on type '{}'.
app/index.tsx(20324,37): error TS2339: Property 'answer' does not exist on type '{}'.
app/index.tsx(20325,35): error TS2339: Property 'word' does not exist on type '{}'.
app/index.tsx(20326,41): error TS2339: Property 'definition' does not exist on type '{}'.
app/index.tsx(20327,42): error TS2339: Property 'explanation' does not exist on type '{}'.
app/index.tsx(20328,38): error TS2339: Property 'example' does not exist on type '{}'.
app/index.tsx(20329,39): error TS2339: Property 'examples' does not exist on type '{}'.
app/index.tsx(20346,72): error TS2339: Property 'translations' does not exist on type 'never'.
app/index.tsx(20355,25): error TS2698: Spread types may only be created from object types.
app/index.tsx(20498,33): error TS18046: 'error' is of type 'unknown'.
app/index.tsx(20559,25): error TS2322: Type '{ width: number; height: number; borderRadius: number; alignItems: string; justifyContent: string; borderWidth: number; borderColor: any; backgroundColor: any; }' is not assignable to type 'StyleProp<ViewStyle>'.
  Type '{ width: number; height: number; borderRadius: number; alignItems: string; justifyContent: string; borderWidth: number; borderColor: any; backgroundColor: any; }' is not assignable to type 'ViewStyle'.
    Types of property 'alignItems' are incompatible.
      Type 'string' is not assignable to type 'FlexAlignType | undefined'.
app/index.tsx(20576,25): error TS2322: Type '{ width: number; height: number; borderRadius: number; alignItems: string; justifyContent: string; borderWidth: number; borderColor: any; backgroundColor: any; }' is not assignable to type 'StyleProp<ViewStyle>'.
  Type '{ width: number; height: number; borderRadius: number; alignItems: string; justifyContent: string; borderWidth: number; borderColor: any; backgroundColor: any; }' is not assignable to type 'ViewStyle'.
    Types of property 'alignItems' are incompatible.
      Type 'string' is not assignable to type 'FlexAlignType | undefined'.
app/index.tsx(20590,25): error TS2322: Type '{ width: number; height: number; borderRadius: number; alignItems: string; justifyContent: string; borderWidth: number; borderColor: any; backgroundColor: any; }' is not assignable to type 'StyleProp<ViewStyle>'.
  Type '{ width: number; height: number; borderRadius: number; alignItems: string; justifyContent: string; borderWidth: number; borderColor: any; backgroundColor: any; }' is not assignable to type 'ViewStyle'.
    Types of property 'alignItems' are incompatible.
      Type 'string' is not assignable to type 'FlexAlignType | undefined'.
app/index.tsx(20596,68): error TS2322: Type '{ width: number; height: number; borderRadius: number; alignItems: string; justifyContent: string; borderWidth: number; borderColor: any; backgroundColor: any; }' is not assignable to type 'StyleProp<ViewStyle>'.
  Type '{ width: number; height: number; borderRadius: number; alignItems: string; justifyContent: string; borderWidth: number; borderColor: any; backgroundColor: any; }' is not assignable to type 'ViewStyle'.
    Types of property 'alignItems' are incompatible.
      Type 'string' is not assignable to type 'FlexAlignType | undefined'.
app/index.tsx(20601,57): error TS2322: Type '{ width: number; height: number; borderRadius: number; alignItems: string; justifyContent: string; borderWidth: number; borderColor: any; backgroundColor: any; }' is not assignable to type 'StyleProp<ViewStyle>'.
  Type '{ width: number; height: number; borderRadius: number; alignItems: string; justifyContent: string; borderWidth: number; borderColor: any; backgroundColor: any; }' is not assignable to type 'ViewStyle'.
    Types of property 'alignItems' are incompatible.
      Type 'string' is not assignable to type 'FlexAlignType | undefined'.
app/index.tsx(20606,79): error TS2322: Type '{ width: number; height: number; borderRadius: number; alignItems: string; justifyContent: string; borderWidth: number; borderColor: any; backgroundColor: any; }' is not assignable to type 'StyleProp<ViewStyle>'.
  Type '{ width: number; height: number; borderRadius: number; alignItems: string; justifyContent: string; borderWidth: number; borderColor: any; backgroundColor: any; }' is not assignable to type 'ViewStyle'.
    Types of property 'alignItems' are incompatible.
      Type 'string' is not assignable to type 'FlexAlignType | undefined'.
app/index.tsx(20611,67): error TS2322: Type '{ width: number; height: number; borderRadius: number; alignItems: string; justifyContent: string; borderWidth: number; borderColor: any; backgroundColor: any; }' is not assignable to type 'StyleProp<ViewStyle>'.
  Type '{ width: number; height: number; borderRadius: number; alignItems: string; justifyContent: string; borderWidth: number; borderColor: any; backgroundColor: any; }' is not assignable to type 'ViewStyle'.
    Types of property 'alignItems' are incompatible.
      Type 'string' is not assignable to type 'FlexAlignType | undefined'.
app/index.tsx(20652,25): error TS2322: Type '{ width: number; height: number; borderRadius: number; alignItems: string; justifyContent: string; borderWidth: number; borderColor: any; backgroundColor: any; }' is not assignable to type 'StyleProp<ViewStyle>'.
  Type '{ width: number; height: number; borderRadius: number; alignItems: string; justifyContent: string; borderWidth: number; borderColor: any; backgroundColor: any; }' is not assignable to type 'ViewStyle'.
    Types of property 'alignItems' are incompatible.
      Type 'string' is not assignable to type 'FlexAlignType | undefined'.
app/index.tsx(20667,29): error TS2322: Type '{ width: number; height: number; borderRadius: number; alignItems: string; justifyContent: string; borderWidth: number; borderColor: any; backgroundColor: any; }' is not assignable to type 'StyleProp<ViewStyle>'.
  Type '{ width: number; height: number; borderRadius: number; alignItems: string; justifyContent: string; borderWidth: number; borderColor: any; backgroundColor: any; }' is not assignable to type 'ViewStyle'.
    Types of property 'alignItems' are incompatible.
      Type 'string' is not assignable to type 'FlexAlignType | undefined'.
app/index.tsx(20676,25): error TS2322: Type '{ width: number; height: number; borderRadius: number; alignItems: string; justifyContent: string; borderWidth: number; borderColor: any; backgroundColor: any; }' is not assignable to type 'StyleProp<ViewStyle>'.
  Type '{ width: number; height: number; borderRadius: number; alignItems: string; justifyContent: string; borderWidth: number; borderColor: any; backgroundColor: any; }' is not assignable to type 'ViewStyle'.
    Types of property 'alignItems' are incompatible.
      Type 'string' is not assignable to type 'FlexAlignType | undefined'.
app/index.tsx(20866,79): error TS18046: 's' is of type 'unknown'.
app/index.tsx(20901,43): error TS2322: Type '(() => void) | null' is not assignable to type '((event: GestureResponderEvent) => void) | undefined'.
  Type 'null' is not assignable to type '((event: GestureResponderEvent) => void) | undefined'.
app/index.tsx(20910,43): error TS2322: Type '(() => void) | null' is not assignable to type '((event: GestureResponderEvent) => void) | undefined'.
  Type 'null' is not assignable to type '((event: GestureResponderEvent) => void) | undefined'.
app/index.tsx(21003,38): error TS7006: Parameter 'data' implicitly has an 'any' type.
app/index.tsx(21003,44): error TS7006: Parameter 'word' implicitly has an 'any' type.
app/index.tsx(21003,50): error TS7006: Parameter 'isSaved' implicitly has an 'any' type.
app/index.tsx(21003,59): error TS7006: Parameter 'toggleSave' implicitly has an 'any' type.
app/index.tsx(21023,33): error TS7006: Parameter 'w' implicitly has an 'any' type.
app/index.tsx(21116,61): error TS7006: Parameter 'form' implicitly has an 'any' type.
app/index.tsx(21116,67): error TS7006: Parameter 'idx' implicitly has an 'any' type.
app/index.tsx(21126,48): error TS7006: Parameter 'ex' implicitly has an 'any' type.
app/index.tsx(21126,52): error TS7006: Parameter 'i' implicitly has an 'any' type.
app/index.tsx(21149,69): error TS7006: Parameter 'col' implicitly has an 'any' type.
app/index.tsx(21149,74): error TS7006: Parameter 'idx' implicitly has an 'any' type.
app/index.tsx(21179,69): error TS7006: Parameter 'syn' implicitly has an 'any' type.
app/index.tsx(21179,74): error TS7006: Parameter 'i' implicitly has an 'any' type.
app/index.tsx(21196,69): error TS7006: Parameter 'ant' implicitly has an 'any' type.
app/index.tsx(21196,74): error TS7006: Parameter 'i' implicitly has an 'any' type.
app/index.tsx(21269,43): error TS7006: Parameter 'toolId' implicitly has an 'any' type.
app/index.tsx(21706,79): error TS7006: Parameter 'item' implicitly has an 'any' type.
app/index.tsx(21706,85): error TS7006: Parameter 'idx' implicitly has an 'any' type.
app/index.tsx(21727,88): error TS7006: Parameter 'item' implicitly has an 'any' type.
app/index.tsx(21727,94): error TS7006: Parameter 'idx' implicitly has an 'any' type.
app/index.tsx(22047,83): error TS7006: Parameter 'item' implicitly has an 'any' type.
app/index.tsx(22047,89): error TS7006: Parameter 'idx' implicitly has an 'any' type.
app/index.tsx(22070,92): error TS7006: Parameter 'item' implicitly has an 'any' type.
app/index.tsx(22070,98): error TS7006: Parameter 'idx' implicitly has an 'any' type.
app/index.tsx(22237,91): error TS7006: Parameter 'prev' implicitly has an 'any' type.
app/index.tsx(22237,135): error TS7006: Parameter '_' implicitly has an 'any' type.
app/index.tsx(22237,138): error TS7006: Parameter 'i' implicitly has an 'any' type.
app/index.tsx(22438,76): error TS7006: Parameter 'prev' implicitly has an 'any' type.
app/index.tsx(22474,56): error TS7006: Parameter 'val' implicitly has an 'any' type.
app/index.tsx(22822,53): error TS2322: Type '{ [key: string]: { label: string; prompt: string; }[]; } | { label: string; prompt: string; }[]' is not assignable to type 'any[]'.
  Type '{ [key: string]: { label: string; prompt: string; }[]; }' is missing the following properties from type 'any[]': length, pop, push, concat, and 35 more.
app/index.tsx(22853,92): error TS7006: Parameter 'item' implicitly has an 'any' type.
app/index.tsx(22853,98): error TS7006: Parameter 'idx' implicitly has an 'any' type.
app/index.tsx(22955,55): error TS18046: 's' is of type 'unknown'.
app/index.tsx(22956,52): error TS18046: 's' is of type 'unknown'.
app/index.tsx(22979,26): error TS7006: Parameter 'v' implicitly has an 'any' type.
app/index.tsx(22998,62): error TS2551: Property 'nameLocked' does not exist on type '{ theme: string; fontSize: number; ttsRate: number; fontFamily: string; textStyles: never[]; language: string; availableLanguages: string[]; voice: string; onlineTtsEnabled: boolean; imageGenerationEnabled: boolean; ... 12 more ...; modeLocked: boolean; }'. Did you mean 'modeLocked'?
app/index.tsx(22999,52): error TS2551: Property 'nameLocked' does not exist on type '{ theme: string; fontSize: number; ttsRate: number; fontFamily: string; textStyles: never[]; language: string; availableLanguages: string[]; voice: string; onlineTtsEnabled: boolean; imageGenerationEnabled: boolean; ... 12 more ...; modeLocked: boolean; }'. Did you mean 'modeLocked'?
app/index.tsx(23002,54): error TS2551: Property 'nameLocked' does not exist on type '{ theme: string; fontSize: number; ttsRate: number; fontFamily: string; textStyles: never[]; language: string; availableLanguages: string[]; voice: string; onlineTtsEnabled: boolean; imageGenerationEnabled: boolean; ... 12 more ...; modeLocked: boolean; }'. Did you mean 'modeLocked'?
app/index.tsx(23007,52): error TS2551: Property 'nameLocked' does not exist on type '{ theme: string; fontSize: number; ttsRate: number; fontFamily: string; textStyles: never[]; language: string; availableLanguages: string[]; voice: string; onlineTtsEnabled: boolean; imageGenerationEnabled: boolean; ... 12 more ...; modeLocked: boolean; }'. Did you mean 'modeLocked'?
app/index.tsx(23011,96): error TS2551: Property 'nameLocked' does not exist on type '{ theme: string; fontSize: number; ttsRate: number; fontFamily: string; textStyles: never[]; language: string; availableLanguages: string[]; voice: string; onlineTtsEnabled: boolean; imageGenerationEnabled: boolean; ... 12 more ...; modeLocked: boolean; }'. Did you mean 'modeLocked'?
app/index.tsx(23030,55): error TS2339: Property 'userProfession' does not exist on type '{ theme: string; fontSize: number; ttsRate: number; fontFamily: string; textStyles: never[]; language: string; availableLanguages: string[]; voice: string; onlineTtsEnabled: boolean; imageGenerationEnabled: boolean; ... 12 more ...; modeLocked: boolean; }'.
app/index.tsx(23417,36): error TS7006: Parameter 'lang' implicitly has an 'any' type.
app/index.tsx(23430,36): error TS7006: Parameter 'v' implicitly has an 'any' type.
app/index.tsx(23441,36): error TS7006: Parameter 'v' implicitly has an 'any' type.
app/index.tsx(23452,41): error TS7006: Parameter 'val' implicitly has an 'any' type.
app/index.tsx(23453,39): error TS7006: Parameter 'v' implicitly has an 'any' type.
app/index.tsx(23817,54): error TS2339: Property 'pause' does not exist on type 'never'.
app/index.tsx(23826,54): error TS2339: Property 'play' does not exist on type 'never'.
app/index.tsx(23950,102): error TS18046: 'session' is of type 'unknown'.
app/index.tsx(24199,73): error TS2353: Object literal may only specify known properties, and 'items' does not exist in type '(prevState: null) => null'.
app/index.tsx(24291,93): error TS2353: Object literal may only specify known properties, and 'items' does not exist in type '(prevState: null) => null'.
app/index.tsx(24500,82): error TS7006: Parameter 'tool' implicitly has an 'any' type.
app/index.tsx(24846,96): error TS7006: Parameter 's' implicitly has an 'any' type.
app/index.tsx(24847,123): error TS7006: Parameter 'id' implicitly has an 'any' type.
app/index.tsx(24862,106): error TS7006: Parameter 'prev' implicitly has an 'any' type.
app/index.tsx(24913,117): error TS7006: Parameter 'prev' implicitly has an 'any' type.
app/index.tsx(24922,97): error TS7006: Parameter 'subSession' implicitly has an 'any' type.
app/index.tsx(24922,109): error TS7006: Parameter 'cIdx' implicitly has an 'any' type.
app/index.tsx(24929,109): error TS7006: Parameter 'prev' implicitly has an 'any' type.
app/index.tsx(24979,85): error TS7006: Parameter 'prev' implicitly has an 'any' type.
app/index.tsx(25065,101): error TS7006: Parameter 'c' implicitly has an 'any' type.
app/index.tsx(25066,127): error TS7006: Parameter 'id' implicitly has an 'any' type.
app/index.tsx(25081,104): error TS7006: Parameter 'prev' implicitly has an 'any' type.
app/index.tsx(25136,115): error TS7006: Parameter 'prev' implicitly has an 'any' type.
app/index.tsx(25145,100): error TS7006: Parameter 'chapter' implicitly has an 'any' type.
app/index.tsx(25145,109): error TS7006: Parameter 'cIdx' implicitly has an 'any' type.
app/index.tsx(25160,109): error TS7006: Parameter 'prev' implicitly has an 'any' type.
app/index.tsx(25216,85): error TS7006: Parameter 'prev' implicitly has an 'any' type.
app/index.tsx(25322,130): error TS7006: Parameter 'c' implicitly has an 'any' type.
app/index.tsx(25323,143): error TS7006: Parameter 'id' implicitly has an 'any' type.
app/index.tsx(25338,120): error TS7006: Parameter 'prev' implicitly has an 'any' type.
app/index.tsx(25383,113): error TS7006: Parameter 'chapter' implicitly has an 'any' type.
app/index.tsx(25383,122): error TS7006: Parameter 'cIdx' implicitly has an 'any' type.
app/index.tsx(25397,129): error TS7006: Parameter 'prev' implicitly has an 'any' type.
app/index.tsx(25481,101): error TS7006: Parameter 'prev' implicitly has an 'any' type.
app/index.tsx(25786,101): error TS7006: Parameter 'opt' implicitly has an 'any' type.
app/index.tsx(25786,106): error TS7006: Parameter 'i' implicitly has an 'any' type.
app/index.tsx(26200,57): error TS2345: Argument of type '() => Promise<void>' is not assignable to parameter of type 'null | undefined'.
app/index.tsx(26291,61): error TS2345: Argument of type '() => Promise<void>' is not assignable to parameter of type 'null | undefined'.
app/index.tsx(27512,77): error TS18046: 'item' is of type 'unknown'.
app/index.tsx(27531,101): error TS18046: 'session' is of type 'unknown'.
app/index.tsx(27543,110): error TS2698: Spread types may only be created from object types.
app/index.tsx(27544,105): error TS7006: Parameter 'prev' implicitly has an 'any' type.
app/index.tsx(27544,126): error TS18046: 'session' is of type 'unknown'.
app/index.tsx(27545,121): error TS18046: 'session' is of type 'unknown'.
app/index.tsx(27552,98): error TS2698: Spread types may only be created from object types.
app/index.tsx(27553,89): error TS7006: Parameter 'prev' implicitly has an 'any' type.
app/index.tsx(27553,110): error TS18046: 'session' is of type 'unknown'.
app/index.tsx(27557,104): error TS18046: 'session' is of type 'unknown'.
app/index.tsx(27584,74): error TS18046: 'session' is of type 'unknown'.
app/index.tsx(27588,233): error TS18046: 'session' is of type 'unknown'.
app/index.tsx(27591,71): error TS18046: 'session' is of type 'unknown'.
app/index.tsx(27591,89): error TS18046: 'session' is of type 'unknown'.
app/index.tsx(27591,107): error TS18046: 'session' is of type 'unknown'.
app/index.tsx(27593,78): error TS18046: 'session' is of type 'unknown'.
app/index.tsx(27593,96): error TS18046: 'session' is of type 'unknown'.
app/index.tsx(27594,173): error TS18046: 'session' is of type 'unknown'.
app/index.tsx(27600,174): error TS18046: 'session' is of type 'unknown'.
app/index.tsx(27601,134): error TS18046: 'session' is of type 'unknown'.
app/index.tsx(27602,70): error TS18046: 'session' is of type 'unknown'.
app/index.tsx(27715,99): error TS7053: Element implicitly has an 'any' type because expression of type 'any' can't be used to index type '{}'.
app/index.tsx(27720,99): error TS7053: Element implicitly has an 'any' type because expression of type 'any' can't be used to index type '{}'.
app/index.tsx(27724,126): error TS7053: Element implicitly has an 'any' type because expression of type 'any' can't be used to index type '{}'.
app/index.tsx(27867,61): error TS2769: No overload matches this call.
  Overload 1 of 2, '(props: TextInputProps): TextInput', gave the following error.
    Type '(overrideQuery?: null) => Promise<void>' is not assignable to type '(e: TextInputSubmitEditingEvent) => void'.
      Types of parameters 'overrideQuery' and 'e' are incompatible.
        Type 'TextInputSubmitEditingEvent' is not assignable to type 'null | undefined'.
  Overload 2 of 2, '(props: TextInputProps, context: any): TextInput', gave the following error.
    Type '(overrideQuery?: null) => Promise<void>' is not assignable to type '(e: TextInputSubmitEditingEvent) => void'.
      Types of parameters 'overrideQuery' and 'e' are incompatible.
        Type 'TextInputSubmitEditingEvent' is not assignable to type 'null | undefined'.
app/index.tsx(27903,103): error TS2322: Type '(overrideQuery?: null) => Promise<void>' is not assignable to type '(event: GestureResponderEvent) => void'.
  Types of parameters 'overrideQuery' and 'event' are incompatible.
    Type 'GestureResponderEvent' is not assignable to type 'null | undefined'.
app/index.tsx(28235,146): error TS18046: 'session' is of type 'unknown'.
app/index.tsx(28385,53): error TS7053: Element implicitly has an 'any' type because expression of type 'any' can't be used to index type '{}'.
app/index.tsx(28396,53): error TS7053: Element implicitly has an 'any' type because expression of type 'any' can't be used to index type '{}'.
app/index.tsx(28403,53): error TS7053: Element implicitly has an 'any' type because expression of type 'any' can't be used to index type '{}'.
app/index.tsx(28409,76): error TS2339: Property 'scrollToOffset' does not exist on type 'never'.
app/index.tsx(28419,84): error TS2339: Property 'scrollToIndex' does not exist on type 'never'.
app/index.tsx(28426,84): error TS2339: Property 'scrollToEnd' does not exist on type 'never'.
app/index.tsx(28429,80): error TS2339: Property 'scrollToEnd' does not exist on type 'never'.
app/index.tsx(28437,76): error TS2339: Property 'scrollToOffset' does not exist on type 'never'.
app/index.tsx(28554,130): error TS7006: Parameter 'uri' implicitly has an 'any' type.
app/index.tsx(28560,87): error TS7006: Parameter 'uri' implicitly has an 'any' type.
app/index.tsx(28560,92): error TS7006: Parameter 'idx' implicitly has an 'any' type.
app/index.tsx(29034,87): error TS7006: Parameter 'q' implicitly has an 'any' type.
app/index.tsx(29034,90): error TS7006: Parameter 'idx' implicitly has an 'any' type.
app/index.tsx(29049,90): error TS7006: Parameter 'prev' implicitly has an 'any' type.
app/index.tsx(29050,100): error TS2339: Property 'scrollToIndex' does not exist on type 'never'.
app/index.tsx(29087,88): error TS2339: Property 'scrollToOffset' does not exist on type 'never'.
app/index.tsx(29092,92): error TS2339: Property 'scrollToIndex' does not exist on type 'never'.
app/index.tsx(29120,111): error TS2339: Property 'userProfession' does not exist on type '{ theme: string; fontSize: number; ttsRate: number; fontFamily: string; textStyles: never[]; language: string; availableLanguages: string[]; voice: string; onlineTtsEnabled: boolean; imageGenerationEnabled: boolean; ... 12 more ...; modeLocked: boolean; }'.
app/index.tsx(29127,90): error TS2339: Property 'userProfession' does not exist on type '{ theme: string; fontSize: number; ttsRate: number; fontFamily: string; textStyles: never[]; language: string; availableLanguages: string[]; voice: string; onlineTtsEnabled: boolean; imageGenerationEnabled: boolean; ... 12 more ...; modeLocked: boolean; }'.
app/index.tsx(29129,98): error TS2339: Property 'userProfession' does not exist on type '{ theme: string; fontSize: number; ttsRate: number; fontFamily: string; textStyles: never[]; language: string; availableLanguages: string[]; voice: string; onlineTtsEnabled: boolean; imageGenerationEnabled: boolean; ... 12 more ...; modeLocked: boolean; }'.
app/index.tsx(29337,86): error TS7006: Parameter 'opt' implicitly has an 'any' type.
app/index.tsx(29337,91): error TS7006: Parameter 'optIdx' implicitly has an 'any' type.
app/index.tsx(29638,80): error TS7006: Parameter 'optIdx' implicitly has an 'any' type.
app/index.tsx(29784,76): error TS7006: Parameter 'optIdx' implicitly has an 'any' type.
app/index.tsx(30050,106): error TS2345: Argument of type 'string' is not assignable to parameter of type 'never'.
app/index.tsx(30070,78): error TS2345: Argument of type 'string' is not assignable to parameter of type 'never'.
app/index.tsx(30101,57): error TS7006: Parameter 'val' implicitly has an 'any' type.
app/index.tsx(30405,49): error TS2345: Argument of type '() => Promise<void>' is not assignable to parameter of type 'null | undefined'.
app/index.tsx(30449,47): error TS2322: Type '(modeOverride?: null) => Promise<void>' is not assignable to type '(event: GestureResponderEvent) => void'.
  Types of parameters 'modeOverride' and 'event' are incompatible.
    Type 'GestureResponderEvent' is not assignable to type 'null | undefined'.
app/index.tsx(30476,64): error TS7006: Parameter 'uri' implicitly has an 'any' type.
app/index.tsx(30476,69): error TS7006: Parameter 'idx' implicitly has an 'any' type.
app/index.tsx(30507,98): error TS7006: Parameter '_' implicitly has an 'any' type.
app/index.tsx(30507,101): error TS7006: Parameter 'i' implicitly has an 'any' type.
app/index.tsx(30508,72): error TS7006: Parameter 'prev' implicitly has an 'any' type.
app/index.tsx(30549,77): error TS7006: Parameter 'prev' implicitly has an 'any' type.
app/index.tsx(30603,65): error TS7006: Parameter 'prev' implicitly has an 'any' type.
app/index.tsx(30615,52): error TS7006: Parameter 'val' implicitly has an 'any' type.
app/index.tsx(30616,60): error TS7006: Parameter 'prev' implicitly has an 'any' type.
app/index.tsx(30623,54): error TS7006: Parameter 'item' implicitly has an 'any' type.
app/index.tsx(30634,60): error TS2551: Property 'writerVisionActions' does not exist on type '{ tools: any[]; toolPrompts: { [key: string]: { [key: string]: { label: string; prompt: string; }[]; } | { label: string; prompt: string; }[]; }; subjectPrompts: { [key: string]: { label: string; prompt: string; }[]; }; ... 10 more ...; staticText: { ...; }; }'. Did you mean 'visionActions'?
app/index.tsx(30635,60): error TS2551: Property 'writerDocumentActions' does not exist on type '{ tools: any[]; toolPrompts: { [key: string]: { [key: string]: { label: string; prompt: string; }[]; } | { label: string; prompt: string; }[]; }; subjectPrompts: { [key: string]: { label: string; prompt: string; }[]; }; ... 10 more ...; staticText: { ...; }; }'. Did you mean 'documentActions'?
app/index.tsx(30636,60): error TS2551: Property 'doctorVisionActions' does not exist on type '{ tools: any[]; toolPrompts: { [key: string]: { [key: string]: { label: string; prompt: string; }[]; } | { label: string; prompt: string; }[]; }; subjectPrompts: { [key: string]: { label: string; prompt: string; }[]; }; ... 10 more ...; staticText: { ...; }; }'. Did you mean 'storyVisionActions'?
app/index.tsx(30637,60): error TS2551: Property 'doctorDocumentActions' does not exist on type '{ tools: any[]; toolPrompts: { [key: string]: { [key: string]: { label: string; prompt: string; }[]; } | { label: string; prompt: string; }[]; }; subjectPrompts: { [key: string]: { label: string; prompt: string; }[]; }; ... 10 more ...; staticText: { ...; }; }'. Did you mean 'storyDocumentActions'?
app/index.tsx(30638,60): error TS2339: Property 'greetingsVisionActions' does not exist on type '{ tools: any[]; toolPrompts: { [key: string]: { [key: string]: { label: string; prompt: string; }[]; } | { label: string; prompt: string; }[]; }; subjectPrompts: { [key: string]: { label: string; prompt: string; }[]; }; ... 10 more ...; staticText: { ...; }; }'.
app/index.tsx(30639,60): error TS2339: Property 'wordHelpVisionActions' does not exist on type '{ tools: any[]; toolPrompts: { [key: string]: { [key: string]: { label: string; prompt: string; }[]; } | { label: string; prompt: string; }[]; }; subjectPrompts: { [key: string]: { label: string; prompt: string; }[]; }; ... 10 more ...; staticText: { ...; }; }'.
app/index.tsx(30640,60): error TS2551: Property 'editorialVisionActions' does not exist on type '{ tools: any[]; toolPrompts: { [key: string]: { [key: string]: { label: string; prompt: string; }[]; } | { label: string; prompt: string; }[]; }; subjectPrompts: { [key: string]: { label: string; prompt: string; }[]; }; ... 10 more ...; staticText: { ...; }; }'. Did you mean 'storyVisionActions'?
